system_bluenrg1.c:150:1:PKA_Handler	0	static
system_bluenrg1.c:149:1:DMA_Handler	0	static
system_bluenrg1.c:130:1:NMI_Handler	0	static
system_bluenrg1.c:131:1:HardFault_Handler	0	static
system_bluenrg1.c:132:1:SVC_Handler	0	static
system_bluenrg1.c:133:1:PendSV_Handler	0	static
system_bluenrg1.c:134:1:SysTick_Handler	0	static
system_bluenrg1.c:135:1:GPIO_Handler	0	static
system_bluenrg1.c:136:1:NVM_Handler	0	static
system_bluenrg1.c:137:1:UART_Handler	0	static
system_bluenrg1.c:138:1:SPI_Handler	0	static
system_bluenrg1.c:139:1:Blue_Handler	0	static
system_bluenrg1.c:140:1:MFT1A_Handler	0	static
system_bluenrg1.c:141:1:MFT1B_Handler	0	static
system_bluenrg1.c:142:1:MFT2A_Handler	0	static
system_bluenrg1.c:143:1:MFT2B_Handler	0	static
system_bluenrg1.c:144:1:RTC_Handler	0	static
system_bluenrg1.c:145:1:WDG_Handler	0	static
system_bluenrg1.c:146:1:ADC_Handler	0	static
system_bluenrg1.c:147:1:I2C2_Handler	0	static
system_bluenrg1.c:148:1:I2C1_Handler	0	static
system_bluenrg1.c:653:6:Wait_LS_Stabilization	32	static
system_bluenrg1.c:706:6:Set_RF_FrontEnd	8	static
system_bluenrg1.c:727:6:BOR_ConfigSave	12	static
system_bluenrg1.c:751:6:SET_BORconfigStatus	8	static
system_bluenrg1.c:268:5:__low_level_init	32	static
system_bluenrg1.c:334:6:RESET_HANDLER	16	static
system_bluenrg1.c:810:6:DeviceConfiguration	56	static
system_bluenrg1.c:946:6:SystemInit	24	static
