Archive member included to satisfy reference by file (symbol)

../../../../../../Library/Bluetooth_LE/library\libbluenrg1_stack.a(bluenrg_gap_aci.o)
                              User\BLE_Beacon_Flash_main.o (aci_gap_init)
../../../../../../Library/Bluetooth_LE/library\libbluenrg1_stack.a(bluenrg_gatt_aci.o)
                              User\BLE_Beacon_Flash_main.o (aci_gatt_init)
../../../../../../Library/Bluetooth_LE/library\libbluenrg1_stack.a(bluenrg_hal_aci.o)
                              User\BLE_Beacon_Flash_main.o (aci_hal_set_tx_power_level)
../../../../../../Library/Bluetooth_LE/library\libbluenrg1_stack.a(bluenrg_main_func.o)
                              User\BLE_Beacon_Flash_main.o (BTLE_StackTick)
../../../../../../Library/Bluetooth_LE/library\libbluenrg1_stack.a(gap.o)
                              ../../../../../../Library/Bluetooth_LE/library\libbluenrg1_stack.a(bluenrg_gap_aci.o) (GAP_Create_Connection)
../../../../../../Library/Bluetooth_LE/library\libbluenrg1_stack.a(gatt_client.o)
                              ../../../../../../Library/Bluetooth_LE/library\libbluenrg1_stack.a(bluenrg_gatt_aci.o) (Gatt_Confirm_Indication)
../../../../../../Library/Bluetooth_LE/library\libbluenrg1_stack.a(gatt_server.o)
                              ../../../../../../Library/Bluetooth_LE/library\libbluenrg1_stack.a(gatt_client.o) (GATT_Send_Packet)
../../../../../../Library/Bluetooth_LE/library\libbluenrg1_stack.a(hal.o)
                              ../../../../../../Library/Bluetooth_LE/library\libbluenrg1_stack.a(bluenrg_hal_aci.o) (HAL_Read_ConfigData)
../../../../../../Library/Bluetooth_LE/library\libbluenrg1_stack.a(hci.o)
                              ../../../../../../Library/Bluetooth_LE/library\libbluenrg1_stack.a(bluenrg_main_func.o) (Controller_Process_Q)
../../../../../../Library/Bluetooth_LE/library\libbluenrg1_stack.a(host_timer.o)
                              User\BLE_Beacon_Flash_main.o (HAL_VTimerDiff_ms_sysT32)
../../../../../../Library/Bluetooth_LE/library\libbluenrg1_stack.a(l2cap.o)
                              ../../../../../../Library/Bluetooth_LE/library\libbluenrg1_stack.a(bluenrg_main_func.o) (L2C_Init)
../../../../../../Library/Bluetooth_LE/library\libbluenrg1_stack.a(ll_isr.o)
                              User\BlueNRG1_it.o (RAL_Isr)
../../../../../../Library/Bluetooth_LE/library\libbluenrg1_stack.a(ll_privacy.o)
                              ../../../../../../Library/Bluetooth_LE/library\libbluenrg1_stack.a(hci.o) (LL_LE_Add_Device_To_White_List)
../../../../../../Library/Bluetooth_LE/library\libbluenrg1_stack.a(ll_routines.o)
                              ../../../../../../Library/Bluetooth_LE/library\libbluenrg1_stack.a(hci.o) (Disconnection_Offline_Processing)
../../../../../../Library/Bluetooth_LE/library\libbluenrg1_stack.a(ll_routines_master.o)
                              ../../../../../../Library/Bluetooth_LE/library\libbluenrg1_stack.a(gap.o) (LL_Create_Connection)
../../../../../../Library/Bluetooth_LE/library\libbluenrg1_stack.a(ll_routines_support.o)
                              ../../../../../../Library/Bluetooth_LE/library\libbluenrg1_stack.a(ll_privacy.o) (LL_Encrypt_Plain_Data)
../../../../../../Library/Bluetooth_LE/library\libbluenrg1_stack.a(mem_alloc.o)
                              ../../../../../../Library/Bluetooth_LE/library\libbluenrg1_stack.a(bluenrg_main_func.o) (_BlueNRG_Stack_Init_params)
../../../../../../Library/Bluetooth_LE/library\libbluenrg1_stack.a(mem_buff.o)
                              ../../../../../../Library/Bluetooth_LE/library\libbluenrg1_stack.a(l2cap.o) (Mem_Buff_Append)
../../../../../../Library/Bluetooth_LE/library\libbluenrg1_stack.a(multi_master_time.o)
                              ../../../../../../Library/Bluetooth_LE/library\libbluenrg1_stack.a(hci.o) (LL_Get_Anchor_Interval)
../../../../../../Library/Bluetooth_LE/library\libbluenrg1_stack.a(nvm.o)
                              ../../../../../../Library/Bluetooth_LE/library\libbluenrg1_stack.a(ll_isr.o) (Is_Flash_Write_On_Going)
../../../../../../Library/Bluetooth_LE/library\libbluenrg1_stack.a(pka.o)
                              ../../../../../../Library/Bluetooth_LE/library\libbluenrg1_stack.a(hci.o) (BLEPLAT_PKA_Get_Current_Operation)
../../../../../../Library/Bluetooth_LE/library\libbluenrg1_stack.a(pm.o)
                              ../../../../../../Library/Bluetooth_LE/library\libbluenrg1_stack.a(l2cap.o) (PM_Compact)
../../../../../../Library/Bluetooth_LE/library\libbluenrg1_stack.a(rom_att.o)
                              ../../../../../../Library/Bluetooth_LE/library\libbluenrg1_stack.a(gatt_client.o) (ATT_fill_exchg_mtu_req)
../../../../../../Library/Bluetooth_LE/library\libbluenrg1_stack.a(rom_gap.o)
                              ../../../../../../Library/Bluetooth_LE/library\libbluenrg1_stack.a(gap.o) (GAP_Add_To_WhiteList)
../../../../../../Library/Bluetooth_LE/library\libbluenrg1_stack.a(rom_gap_rom.o)
[...]
Memory Configuration

Name             Origin             Length             Attributes
REGION_RAM       0x20000000         0x00006000         xrw
REGION_FLASH_BOOTLOADER 0x10040000         0x00000000         xr
REGION_FLASH     0x10040000         0x00027000         xr
REGION_NVM       0x10067000         0x00001000         xr
REGION_ROM       0x10000000         0x00000800         xr
*default*        0x00000000         0xffffffff

Linker script and memory map

LOAD HAL\clock.o
LOAD HAL\context_switch.o
LOAD HAL\miscutil.o
LOAD HAL\osal.o
LOAD HAL\sleep.o
LOAD Library\BlueNRG1_adc.o
LOAD Library\BlueNRG1_dma.o
LOAD Library\BlueNRG1_flash.o
LOAD Library\BlueNRG1_gpio.o
LOAD Library\BlueNRG1_i2c.o
LOAD Library\BlueNRG1_mft.o
LOAD Library\BlueNRG1_pka.o
LOAD Library\BlueNRG1_rtc.o
LOAD Library\BlueNRG1_spi.o
LOAD Library\BlueNRG1_sysCtrl.o
LOAD Library\BlueNRG1_uart.o
LOAD Library\BlueNRG1_wdg.o
LOAD Library\misc.o
LOAD Platform_Layers\SDK_EVAL_Com.o
LOAD Platform_Layers\SDK_EVAL_Config.o
LOAD Platform_Layers\SDK_EVAL_Led.o
LOAD Stack\stack_user_cfg.o
LOAD Startup\system_bluenrg1.o
LOAD User\BLE_Beacon_Flash_main.o
LOAD User\BlueNRG1_it.o
LOAD ../../../../../../Library/Bluetooth_LE/library\libbluenrg1_stack.a
LOAD ../../../../../../Library/cryptolib\libcrypto.a
                0x00000080                malloc_getpagesize_P = 0x80
START GROUP
LOAD c:/program files (x86)/atollic/truestudio for stm32 9.3.0/armtools/bin/../lib/gcc/arm-atollic-eabi/6.3.1/../../../../arm-atollic-eabi/lib/thumb\libc_nano.a
LOAD c:/program files (x86)/atollic/truestudio for stm32 9.3.0/armtools/bin/../lib/gcc/arm-atollic-eabi/6.3.1/../../../../arm-atollic-eabi/lib/thumb\libm.a
END GROUP
                0x20000000                _MEMORY_RAM_BEGIN_ = 0x20000000
                0x00006000                _MEMORY_RAM_SIZE_ = 0x6000
                0x20005fff                _MEMORY_RAM_END_ = 0x20005fff
                0x10040000                _MEMORY_FLASH_BEGIN_ = 0x10040000
                0x00028000                _MEMORY_FLASH_SIZE_ = 0x28000
                0x10067fff                _MEMORY_FLASH_END_ = 0x10067fff
                0x10000000                _MEMORY_ROM_BEGIN_ = 0x10000000
                0x00000800                _MEMORY_ROM_SIZE_ = 0x800
                0x100007ff                _MEMORY_ROM_END_ = 0x100007ff
                0x00001000                FLASH_NVM_DATASIZE = 0x1000
                0x00000000                MEMORY_FLASH_APP_OFFSET = DEFINED (MEMORY_FLASH_APP_OFFSET)?MEMORY_FLASH_APP_OFFSET:0x0
                0x00027000                MEMORY_FLASH_APP_SIZE = DEFINED (MEMORY_FLASH_APP_SIZE)?MEMORY_FLASH_APP_SIZE:((_MEMORY_FLASH_SIZE_ - FLASH_NVM_DATASIZE) - MEMORY_FLASH_APP_OFFSET)
                0x000002cc                MEMORY_RAM_APP_OFFSET = DEFINED (MEMORY_RAM_APP_OFFSET)?MEMORY_RAM_APP_OFFSET:0x2cc
                0x00000800                RESET_MANAGER_SIZE = DEFINED (RESET_MANAGER_SIZE)?RESET_MANAGER_SIZE:0x800
                [0x00027000]                MEMORY_FLASH_APP_SIZE = DEFINED (ST_OTA_HIGHER_APPLICATION)?(((((_MEMORY_FLASH_SIZE_ - RESET_MANAGER_SIZE) - FLASH_NVM_DATASIZE) / 0x2) / 0x800) * 0x800):MEMORY_FLASH_APP_SIZE
                [0x00000000]                MEMORY_FLASH_APP_OFFSET = DEFINED (ST_OTA_HIGHER_APPLICATION)?(RESET_MANAGER_SIZE + MEMORY_FLASH_APP_SIZE):MEMORY_FLASH_APP_OFFSET
                [0x00027000]                MEMORY_FLASH_APP_SIZE = DEFINED (ST_OTA_LOWER_APPLICATION)?(((((_MEMORY_FLASH_SIZE_ - RESET_MANAGER_SIZE) - FLASH_NVM_DATASIZE) / 0x2) / 0x800) * 0x800):MEMORY_FLASH_APP_SIZE
                [0x00000000]                MEMORY_FLASH_APP_OFFSET = DEFINED (ST_OTA_LOWER_APPLICATION)?RESET_MANAGER_SIZE:MEMORY_FLASH_APP_OFFSET
                0x00011000                SERVICE_MANAGER_SIZE = 0x11000
                [0x00027000]                MEMORY_FLASH_APP_SIZE = DEFINED (ST_USE_OTA_SERVICE_MANAGER_APPLICATION)?((_MEMORY_FLASH_SIZE_ - SERVICE_MANAGER_SIZE) - FLASH_NVM_DATASIZE):MEMORY_FLASH_APP_SIZE
                [0x00000000]                MEMORY_FLASH_APP_OFFSET = DEFINED (ST_USE_OTA_SERVICE_MANAGER_APPLICATION)?SERVICE_MANAGER_SIZE:MEMORY_FLASH_APP_OFFSET
                0x00000000                EXTERNAL_BLE_STACK_FLASH_OFFSET = DEFINED (EXTERNAL_BLE_STACK_FLASH_OFFSET)?EXTERNAL_BLE_STACK_FLASH_OFFSET:0x0
                0x100400c0                cmd_call_table = ((_MEMORY_FLASH_BEGIN_ + 0xc0) + EXTERNAL_BLE_STACK_FLASH_OFFSET)
                0x200002cc                ev_call_table = 0x200002cc
                0x00000000                _Min_Heap_Size = 0x0
                0x00000c00                _Min_Stack_Size = 0xc00

.bootloader     0x10040000        0x0
                0x10040000                . = ALIGN (0x4)
 *(.bootloader)
                0x10040000                . = ALIGN (0x4)

.intvec         0x10040000       0xc0
                0x10040000                . = ALIGN (0x4)
 *(.intvec)
 .intvec        0x10040000       0xc0 Startup\system_bluenrg1.o
                0x10040000                __vector_table
                0x100400c0                . = ALIGN (0x4)

.text           0x100400c0    0x1119c
                0x100400c0                . = ALIGN (0x4)
 *(.cmd_call_table)
 *(.text)
 .text          0x100400c0       0x9c HAL\context_switch.o
                0x100400c0                CS_contextSave
                0x10040112                CS_contextRestore
 .text          0x1004015c      0x11c c:/program files (x86)/atollic/truestudio for stm32 9.3.0/armtools/bin/../lib/gcc/arm-atollic-eabi/6.3.1/thumb\libgcc.a(_udivsi3.o)
                0x1004015c                __aeabi_uidiv
                0x1004015c                __udivsi3
                0x10040258                __aeabi_uidivmod
 .text          0x10040278        0x4 c:/program files (x86)/atollic/truestudio for stm32 9.3.0/armtools/bin/../lib/gcc/arm-atollic-eabi/6.3.1/thumb\libgcc.a(_dvmd_tls.o)
                0x10040278                __aeabi_idiv0
                0x10040278                __aeabi_ldiv0
 .text          0x1004027c       0x74 c:/program files (x86)/atollic/truestudio for stm32 9.3.0/armtools/bin/../lib/gcc/arm-atollic-eabi/6.3.1/thumb\libgcc.a(unaligned-funcs.o)
                0x1004027c                __aeabi_uread4
                0x10040294                __aeabi_uwrite4
                0x100402a4                __aeabi_uread8
                0x100402d0                __aeabi_uwrite8
 *(.text*)
 .text.SysCount_Handler
                0x100402f0       0x10 HAL\clock.o
                0x100402f0                SysCount_Handler
 .text.HAL_GetPartInfo
                0x10040300       0x4c HAL\miscutil.o
                0x10040300                HAL_GetPartInfo
 .text.BLEPLAT_get_part_info
                0x1004034c       0x22 HAL\miscutil.o
                0x1004034c                BLEPLAT_get_part_info
 .text.Osal_MemCpy
                0x1004036e        0x8 HAL\osal.o
                0x1004036e                Osal_MemCpy
 .text.Osal_MemSet
                0x10040376        0x8 HAL\osal.o
                0x10040376                Osal_MemSet
 .text.Osal_MemCmp
                0x1004037e        0x8 HAL\osal.o
                0x1004037e                Osal_MemCmp
 *fill*         0x10040386        0x2 
 .text.BlueNRG_Sleep
                0x10040388      0x974 HAL\sleep.o
                0x10040388                BlueNRG_Sleep
 .text.FLASH_WaitCmdDone
                0x10040cfc       0x10 Library\BlueNRG1_flash.o
                0x10040cfc                FLASH_WaitCmdDone
 .text.FLASH_ErasePage
                0x10040d0c       0x30 Library\BlueNRG1_flash.o
                0x10040d0c                FLASH_ErasePage
 .text.FLASH_ProgramWord
                0x10040d3c       0x30 Library\BlueNRG1_flash.o
                0x10040d3c                FLASH_ProgramWord
 .text.GPIO_Init
                0x10040d6c       0xb4 Library\BlueNRG1_gpio.o
                0x10040d6c                GPIO_Init
 .text.PKA_Reset
                0x10040e20       0x14 Library\BlueNRG1_pka.o
                0x10040e20                PKA_Reset
 .text.SysCtrl_PeripheralClockCmd
                0x10040e34       0x18 Library\BlueNRG1_sysCtrl.o
                0x10040e34                SysCtrl_PeripheralClockCmd
 .text.SysCtrl_GetWakeupResetReason
                0x10040e4c       0xa0 Library\BlueNRG1_sysCtrl.o
                0x10040e4c                SysCtrl_GetWakeupResetReason
 .text.UART_Cmd
                0x10040eec       0x1c Library\BlueNRG1_uart.o
                0x10040eec                UART_Cmd
 .text.UART_Init
                0x10040f08      0x150 Library\BlueNRG1_uart.o
                0x10040f08                UART_Init
 .text.UART_SendData
                0x10041058       0x10 Library\BlueNRG1_uart.o
                0x10041058                UART_SendData
 .text.UART_GetFlagStatus
                0x10041068       0x1c Library\BlueNRG1_uart.o
                0x10041068                UART_GetFlagStatus
 .text.UART_RxFifoIrqLevelConfig
                0x10041084       0x1c Library\BlueNRG1_uart.o
                0x10041084                UART_RxFifoIrqLevelConfig
 .text.SystemSleepCmd
                0x100410a0       0x1c Library\misc.o
                0x100410a0                SystemSleepCmd
 .text.SdkEvalUart_Send_Data
                0x100410bc       0x16 Platform_Layers\SDK_EVAL_Com.o
 *fill*         0x100410d2        0x2 
 .text.SdkEvalComUartInit
                0x100410d4       0x94 Platform_Layers\SDK_EVAL_Com.o
                0x100410d4                SdkEvalComUartInit
 .text.SdkEvalComIOTxFifoNotEmpty
                0x10041168       0x10 Platform_Layers\SDK_EVAL_Com.o
                0x10041168                SdkEvalComIOTxFifoNotEmpty
 .text.SdkEvalComUARTBusy
                0x10041178       0x12 Platform_Layers\SDK_EVAL_Com.o
                0x10041178                SdkEvalComUARTBusy
 *fill*         0x1004118a        0x2 
 .text.Read_Buffer_Pop
                0x1004118c       0x38 Platform_Layers\SDK_EVAL_Com.o
                0x1004118c                Read_Buffer_Pop
 .text._sbrk    0x100411c4       0x3c Platform_Layers\SDK_EVAL_Com.o
                0x100411c4                _sbrk
 .text._close   0x10041200        0x6 Platform_Layers\SDK_EVAL_Com.o
                0x10041200                _close
 .text._fstat   0x10041206        0xa Platform_Layers\SDK_EVAL_Com.o
                0x10041206                _fstat
 .text._isatty  0x10041210        0x4 Platform_Layers\SDK_EVAL_Com.o
                0x10041210                _isatty
 .text._lseek   0x10041214        0x4 Platform_Layers\SDK_EVAL_Com.o
                0x10041214                _lseek
 .text._write   0x10041218       0x1c Platform_Layers\SDK_EVAL_Com.o
                0x10041218                _write
 .text._read    0x10041234       0x22 Platform_Layers\SDK_EVAL_Com.o
                0x10041234                _read
 .text.__aeabi_memcpy
                0x10041256        0x8 Platform_Layers\SDK_EVAL_Com.o
                0x10041256                __aeabi_memcpy
 .text.__aeabi_memcpy4
                0x1004125e        0x8 Platform_Layers\SDK_EVAL_Com.o
                0x1004125e                __aeabi_memcpy4
 .text.__aeabi_memclr4
                0x10041266        0xc Platform_Layers\SDK_EVAL_Com.o
                0x10041266                __aeabi_memclr4
 *fill*         0x10041272        0x2 
 .text.SdkEvalIdentification
                0x10041274        0xc Platform_Layers\SDK_EVAL_Config.o
                0x10041274                SdkEvalIdentification
 .text.SdkEvalGetVersion
                0x10041280        0xc Platform_Layers\SDK_EVAL_Config.o
                0x10041280                SdkEvalGetVersion
 .text.PKA_Handler
                0x1004128c        0x2 Startup\system_bluenrg1.o
                0x1004128c                PKA_Handler
 .text.DMA_Handler
                0x1004128e        0x2 Startup\system_bluenrg1.o
                0x1004128e                DMA_Handler
 .text.PendSV_Handler
                0x10041290        0x2 Startup\system_bluenrg1.o
                0x10041290                PendSV_Handler
 .text.NVM_Handler
                0x10041292        0x2 Startup\system_bluenrg1.o
                0x10041292                NVM_Handler
 .text.SPI_Handler
                0x10041294        0x2 Startup\system_bluenrg1.o
                0x10041294                SPI_Handler
 .text.MFT1A_Handler
                0x10041296        0x2 Startup\system_bluenrg1.o
                0x10041296                MFT1A_Handler
 .text.MFT1B_Handler
                0x10041298        0x2 Startup\system_bluenrg1.o
                0x10041298                MFT1B_Handler
 .text.MFT2A_Handler
                0x1004129a        0x2 Startup\system_bluenrg1.o
                0x1004129a                MFT2A_Handler
 .text.MFT2B_Handler
                0x1004129c        0x2 Startup\system_bluenrg1.o
                0x1004129c                MFT2B_Handler
 .text.RTC_Handler
                0x1004129e        0x2 Startup\system_bluenrg1.o
                0x1004129e                RTC_Handler
 .text.WDG_Handler
                0x100412a0        0x2 Startup\system_bluenrg1.o
                0x100412a0                WDG_Handler
 .text.ADC_Handler
                0x100412a2        0x2 Startup\system_bluenrg1.o
                0x100412a2                ADC_Handler
 .text.I2C2_Handler
                0x100412a4        0x2 Startup\system_bluenrg1.o
                0x100412a4                I2C2_Handler
 .text.I2C1_Handler
                0x100412a6        0x2 Startup\system_bluenrg1.o
                0x100412a6                I2C1_Handler
 .text.Set_RF_FrontEnd
                0x100412a8       0x4c Startup\system_bluenrg1.o
                0x100412a8                Set_RF_FrontEnd
 .text.BOR_ConfigSave
                0x100412f4       0x48 Startup\system_bluenrg1.o
                0x100412f4                BOR_ConfigSave
 .text.SET_BORconfigStatus
                0x1004133c       0x48 Startup\system_bluenrg1.o
                0x1004133c                SET_BORconfigStatus
 .text.__low_level_init
                0x10041384       0xa8 Startup\system_bluenrg1.o
                0x10041384                __low_level_init
 .text.RESET_HANDLER
                0x1004142c       0x8c Startup\system_bluenrg1.o
                0x1004142c                RESET_HANDLER
 .text.DeviceConfiguration
                0x100414b8      0x144 Startup\system_bluenrg1.o
                0x100414b8                DeviceConfiguration
 .text.SystemInit
                0x100415fc      0x120 Startup\system_bluenrg1.o
                0x100415fc                SystemInit
 .text.Device_Init
                0x1004171c       0x70 User\BLE_Beacon_Flash_main.o
                0x1004171c                Device_Init
 .text.aci_hal_end_of_radio_activity_event
                0x1004178c       0x10 User\BLE_Beacon_Flash_main.o
                0x1004178c                aci_hal_end_of_radio_activity_event
 .text.FlashRoutine
                0x1004179c       0x80 User\BLE_Beacon_Flash_main.o
                0x1004179c                FlashRoutine
 .text.startup.main
                0x1004181c       0xe4 User\BLE_Beacon_Flash_main.o
                0x1004181c                main
 .text.App_SleepMode_Check
                0x10041900       0x1a User\BLE_Beacon_Flash_main.o
                0x10041900                App_SleepMode_Check
 .text.NMI_Handler
                0x1004191a        0x2 User\BlueNRG1_it.o
                0x1004191a                NMI_Handler
 .text.HardFault_Handler
                0x1004191c        0x2 User\BlueNRG1_it.o
                0x1004191c                HardFault_Handler
 .text.SVC_Handler
                0x1004191e        0x2 User\BlueNRG1_it.o
                0x1004191e                SVC_Handler
 .text.SysTick_Handler
                0x10041920        0x8 User\BlueNRG1_it.o
                0x10041920                SysTick_Handler
 .text.GPIO_Handler
                0x10041928        0x2 User\BlueNRG1_it.o
                0x10041928                GPIO_Handler
 .text.UART_Handler
                0x1004192a        0x2 User\BlueNRG1_it.o
                0x1004192a                UART_Handler
 .text.Blue_Handler
                0x1004192c        0x8 User\BlueNRG1_it.o
                0x1004192c                Blue_Handler
 .text.__aeabi_memmove
                0x10041934        0xc c:/program files (x86)/atollic/truestudio for stm32 9.3.0/armtools/bin/../lib/gcc/arm-atollic-eabi/6.3.1/../../../../arm-atollic-eabi/lib/thumb\libc_nano.a(lib_a-aeabi_memmove.o)
                0x10041934                __aeabi_memmove
                0x10041934                __aeabi_memmove4
                0x10041934                __aeabi_memmove8
 .text.memcmp   0x10041940       0x22 c:/program files (x86)/atollic/truestudio for stm32 9.3.0/armtools/bin/../lib/gcc/arm-atollic-eabi/6.3.1/../../../../arm-atollic-eabi/lib/thumb\libc_nano.a(lib_a-memcmp.o)
                0x10041940                memcmp
 .text.memcpy   0x10041962       0x16 c:/program files (x86)/atollic/truestudio for stm32 9.3.0/armtools/bin/../lib/gcc/arm-atollic-eabi/6.3.1/../../../../arm-atollic-eabi/lib/thumb\libc_nano.a(lib_a-memcpy-stub.o)
                0x10041962                memcpy
 .text.memmove  0x10041978       0x28 c:/program files (x86)/atollic/truestudio for stm32 9.3.0/armtools/bin/../lib/gcc/arm-atollic-eabi/6.3.1/../../../../arm-atollic-eabi/lib/thumb\libc_nano.a(lib_a-memmove.o)
                0x10041978                memmove
 .text.memset   0x100419a0       0x10 c:/program files (x86)/atollic/truestudio for stm32 9.3.0/armtools/bin/../lib/gcc/arm-atollic-eabi/6.3.1/../../../../arm-atollic-eabi/lib/thumb\libc_nano.a(lib_a-memset.o)
                0x100419a0                memset
 .text.printf   0x100419b0       0x34 c:/program files (x86)/atollic/truestudio for stm32 9.3.0/armtools/bin/../lib/gcc/arm-atollic-eabi/6.3.1/../../../../arm-atollic-eabi/lib/thumb\libc_nano.a(lib_a-printf.o)
                0x100419b0                iprintf
                0x100419b0                printf
 .text._puts_r  0x100419e4       0xc4 c:/program files (x86)/atollic/truestudio for stm32 9.3.0/armtools/bin/../lib/gcc/arm-atollic-eabi/6.3.1/../../../../arm-atollic-eabi/lib/thumb\libc_nano.a(lib_a-puts.o)
                0x100419e4                _puts_r
 .text.puts     0x10041aa8       0x18 c:/program files (x86)/atollic/truestudio for stm32 9.3.0/armtools/bin/../lib/gcc/arm-atollic-eabi/6.3.1/../../../../arm-atollic-eabi/lib/thumb\libc_nano.a(lib_a-puts.o)
                0x10041aa8                puts
 .text.__swbuf_r
                0x10041ac0       0xb4 c:/program files (x86)/atollic/truestudio for stm32 9.3.0/armtools/bin/../lib/gcc/arm-atollic-eabi/6.3.1/../../../../arm-atollic-eabi/lib/thumb\libc_nano.a(lib_a-wbuf.o)
                0x10041ac0                __swbuf_r
 .text.__swsetup_r
                0x10041b74       0xf0 c:/program files (x86)/atollic/truestudio for stm32 9.3.0/armtools/bin/../lib/gcc/arm-atollic-eabi/6.3.1/../../../../arm-atollic-eabi/lib/thumb\libc_nano.a(lib_a-wsetup.o)
                0x10041b74                __swsetup_r
 .text.__sflush_r
                0x10041c64      0x124 c:/program files (x86)/atollic/truestudio for stm32 9.3.0/armtools/bin/../lib/gcc/arm-atollic-eabi/6.3.1/../../../../arm-atollic-eabi/lib/thumb\libc_nano.a(lib_a-fflush.o)
                0x10041c64                __sflush_r
 .text._fflush_r
                0x10041d88       0x5c c:/program files (x86)/atollic/truestudio for stm32 9.3.0/armtools/bin/../lib/gcc/arm-atollic-eabi/6.3.1/../../../../arm-atollic-eabi/lib/thumb\libc_nano.a(lib_a-fflush.o)
                0x10041d88                _fflush_r
 .text._cleanup_r
                0x10041de4       0x14 c:/program files (x86)/atollic/truestudio for stm32 9.3.0/armtools/bin/../lib/gcc/arm-atollic-eabi/6.3.1/../../../../arm-atollic-eabi/lib/thumb\libc_nano.a(lib_a-findfp.o)
                0x10041de4                _cleanup_r
 .text.std.isra.0
                0x10041df8       0x4c c:/program files (x86)/atollic/truestudio for stm32 9.3.0/armtools/bin/../lib/gcc/arm-atollic-eabi/6.3.1/../../../../arm-atollic-eabi/lib/thumb\libc_nano.a(lib_a-findfp.o)
 .text.__sfmoreglue
                0x10041e44       0x30 c:/program files (x86)/atollic/truestudio for stm32 9.3.0/armtools/bin/../lib/gcc/arm-atollic-eabi/6.3.1/../../../../arm-atollic-eabi/lib/thumb\libc_nano.a(lib_a-findfp.o)
                0x10041e44                __sfmoreglue
 .text.__sinit  0x10041e74       0x6c c:/program files (x86)/atollic/truestudio for stm32 9.3.0/armtools/bin/../lib/gcc/arm-atollic-eabi/6.3.1/../../../../arm-atollic-eabi/lib/thumb\libc_nano.a(lib_a-findfp.o)
                0x10041e74                __sinit
 .text.__sfp    0x10041ee0       0x84 c:/program files (x86)/atollic/truestudio for stm32 9.3.0/armtools/bin/../lib/gcc/arm-atollic-eabi/6.3.1/../../../../arm-atollic-eabi/lib/thumb\libc_nano.a(lib_a-findfp.o)
                0x10041ee0                __sfp
 .text._fwalk_reent
                0x10041f64       0x4a c:/program files (x86)/atollic/truestudio for stm32 9.3.0/armtools/bin/../lib/gcc/arm-atollic-eabi/6.3.1/../../../../arm-atollic-eabi/lib/thumb\libc_nano.a(lib_a-fwalk.o)
                0x10041f64                _fwalk_reent
 *fill*         0x10041fae        0x2 
 .text.__swhatbuf_r
                0x10041fb0       0x54 c:/program files (x86)/atollic/truestudio for stm32 9.3.0/armtools/bin/../lib/gcc/arm-atollic-eabi/6.3.1/../../../../arm-atollic-eabi/lib/thumb\libc_nano.a(lib_a-makebuf.o)
                0x10041fb0                __swhatbuf_r
 .text.__smakebuf_r
                0x10042004       0x8c c:/program files (x86)/atollic/truestudio for stm32 9.3.0/armtools/bin/../lib/gcc/arm-atollic-eabi/6.3.1/../../../../arm-atollic-eabi/lib/thumb\libc_nano.a(lib_a-makebuf.o)
                0x10042004                __smakebuf_r
 .text._free_r  0x10042090       0x98 c:/program files (x86)/atollic/truestudio for stm32 9.3.0/armtools/bin/../lib/gcc/arm-atollic-eabi/6.3.1/../../../../arm-atollic-eabi/lib/thumb\libc_nano.a(lib_a-nano-freer.o)
                0x10042090                _free_r
 .text._malloc_r
                0x10042128       0xc0 c:/program files (x86)/atollic/truestudio for stm32 9.3.0/armtools/bin/../lib/gcc/arm-atollic-eabi/6.3.1/../../../../arm-atollic-eabi/lib/thumb\libc_nano.a(lib_a-nano-mallocr.o)
                0x10042128                _malloc_r
 .text.__sfputc_r
                0x100421e8       0x32 c:/program files (x86)/atollic/truestudio for stm32 9.3.0/armtools/bin/../lib/gcc/arm-atollic-eabi/6.3.1/../../../../arm-atollic-eabi/lib/thumb\libc_nano.a(lib_a-nano-vfprintf.o)
 .text.__sfputs_r
                0x1004221a       0x28 c:/program files (x86)/atollic/truestudio for stm32 9.3.0/armtools/bin/../lib/gcc/arm-atollic-eabi/6.3.1/../../../../arm-atollic-eabi/lib/thumb\libc_nano.a(lib_a-nano-vfprintf.o)
                0x1004221a                __sfputs_r
 *fill*         0x10042242        0x2 
 .text._vfprintf_r
                0x10042244      0x248 c:/program files (x86)/atollic/truestudio for stm32 9.3.0/armtools/bin/../lib/gcc/arm-atollic-eabi/6.3.1/../../../../arm-atollic-eabi/lib/thumb\libc_nano.a(lib_a-nano-vfprintf.o)
                0x10042244                _vfprintf_r
                0x10042244                _vfiprintf_r
 .text._printf_common
                0x1004248c       0xe6 c:/program files (x86)/atollic/truestudio for stm32 9.3.0/armtools/bin/../lib/gcc/arm-atollic-eabi/6.3.1/../../../../arm-atollic-eabi/lib/thumb\libc_nano.a(lib_a-nano-vfprintf_i.o)
                0x1004248c                _printf_common
 *fill*         0x10042572        0x2 
 .text._printf_i
                0x10042574      0x244 c:/program files (x86)/atollic/truestudio for stm32 9.3.0/armtools/bin/../lib/gcc/arm-atollic-eabi/6.3.1/../../../../arm-atollic-eabi/lib/thumb\libc_nano.a(lib_a-nano-vfprintf_i.o)
                0x10042574                _printf_i
 .text._sbrk_r  0x100427b8       0x28 c:/program files (x86)/atollic/truestudio for stm32 9.3.0/armtools/bin/../lib/gcc/arm-atollic-eabi/6.3.1/../../../../arm-atollic-eabi/lib/thumb\libc_nano.a(lib_a-sbrkr.o)
                0x100427b8                _sbrk_r
 .text.__sread  0x100427e0       0x2c c:/program files (x86)/atollic/truestudio for stm32 9.3.0/armtools/bin/../lib/gcc/arm-atollic-eabi/6.3.1/../../../../arm-atollic-eabi/lib/thumb\libc_nano.a(lib_a-stdio.o)
                0x100427e0                __sread
 .text.__swrite
                0x1004280c       0x3c c:/program files (x86)/atollic/truestudio for stm32 9.3.0/armtools/bin/../lib/gcc/arm-atollic-eabi/6.3.1/../../../../arm-atollic-eabi/lib/thumb\libc_nano.a(lib_a-stdio.o)
                0x1004280c                __swrite
 .text.__sseek  0x10042848       0x30 c:/program files (x86)/atollic/truestudio for stm32 9.3.0/armtools/bin/../lib/gcc/arm-atollic-eabi/6.3.1/../../../../arm-atollic-eabi/lib/thumb\libc_nano.a(lib_a-stdio.o)
                0x10042848                __sseek
 .text.__sclose
                0x10042878       0x10 c:/program files (x86)/atollic/truestudio for stm32 9.3.0/armtools/bin/../lib/gcc/arm-atollic-eabi/6.3.1/../../../../arm-atollic-eabi/lib/thumb\libc_nano.a(lib_a-stdio.o)
                0x10042878                __sclose
 .text._write_r
                0x10042888       0x2c c:/program files (x86)/atollic/truestudio for stm32 9.3.0/armtools/bin/../lib/gcc/arm-atollic-eabi/6.3.1/../../../../arm-atollic-eabi/lib/thumb\libc_nano.a(lib_a-writer.o)
                0x10042888                _write_r
 .text._close_r
                0x100428b4       0x28 c:/program files (x86)/atollic/truestudio for stm32 9.3.0/armtools/bin/../lib/gcc/arm-atollic-eabi/6.3.1/../../../../arm-atollic-eabi/lib/thumb\libc_nano.a(lib_a-closer.o)
                0x100428b4                _close_r
 .text._fstat_r
                0x100428dc       0x28 c:/program files (x86)/atollic/truestudio for stm32 9.3.0/armtools/bin/../lib/gcc/arm-atollic-eabi/6.3.1/../../../../arm-atollic-eabi/lib/thumb\libc_nano.a(lib_a-fstatr.o)
                0x100428dc                _fstat_r
 .text._isatty_r
                0x10042904       0x28 c:/program files (x86)/atollic/truestudio for stm32 9.3.0/armtools/bin/../lib/gcc/arm-atollic-eabi/6.3.1/../../../../arm-atollic-eabi/lib/thumb\libc_nano.a(lib_a-isattyr.o)
                0x10042904                _isatty_r
 .text._lseek_r
                0x1004292c       0x2c c:/program files (x86)/atollic/truestudio for stm32 9.3.0/armtools/bin/../lib/gcc/arm-atollic-eabi/6.3.1/../../../../arm-atollic-eabi/lib/thumb\libc_nano.a(lib_a-lseekr.o)
                0x1004292c                _lseek_r
 .text.memchr   0x10042958       0x18 c:/program files (x86)/atollic/truestudio for stm32 9.3.0/armtools/bin/../lib/gcc/arm-atollic-eabi/6.3.1/../../../../arm-atollic-eabi/lib/thumb\libc_nano.a(lib_a-memchr-stub.o)
                0x10042958                memchr
 .text.__malloc_lock
                0x10042970        0x2 c:/program files (x86)/atollic/truestudio for stm32 9.3.0/armtools/bin/../lib/gcc/arm-atollic-eabi/6.3.1/../../../../arm-atollic-eabi/lib/thumb\libc_nano.a(lib_a-mlock.o)
                0x10042970                __malloc_lock
 .text.__malloc_unlock
                0x10042972        0x2 c:/program files (x86)/atollic/truestudio for stm32 9.3.0/armtools/bin/../lib/gcc/arm-atollic-eabi/6.3.1/../../../../arm-atollic-eabi/lib/thumb\libc_nano.a(lib_a-mlock.o)
                0x10042972                __malloc_unlock
 .text._read_r  0x10042974       0x2c c:/program files (x86)/atollic/truestudio for stm32 9.3.0/armtools/bin/../lib/gcc/arm-atollic-eabi/6.3.1/../../../../arm-atollic-eabi/lib/thumb\libc_nano.a(lib_a-readr.o)
                0x10042974                _read_r
 *(i.*)
 i._aci_gap_set_discoverable_param_check
                0x100429a0       0x5c ../../../../../../Library/Bluetooth_LE/library\libbluenrg1_stack.a(bluenrg_gap_aci.o)
 i.aci_gap_init
                0x100429fc       0x30 ../../../../../../Library/Bluetooth_LE/library\libbluenrg1_stack.a(bluenrg_gap_aci.o)
                0x100429fc                aci_gap_init
 i.aci_gap_set_discoverable
                0x10042a2c       0x42 ../../../../../../Library/Bluetooth_LE/library\libbluenrg1_stack.a(bluenrg_gap_aci.o)
                0x10042a2c                aci_gap_set_discoverable
 i.aci_gatt_init
                0x10042a6e        0x8 ../../../../../../Library/Bluetooth_LE/library\libbluenrg1_stack.a(bluenrg_gatt_aci.o)
                0x10042a6e                aci_gatt_init
 i.aci_hal_set_tx_power_level
                0x10042a76        0x8 ../../../../../../Library/Bluetooth_LE/library\libbluenrg1_stack.a(bluenrg_hal_aci.o)
                0x10042a76                aci_hal_set_tx_power_level
 *fill*         0x10042a7e        0x2 
 i.BTLE_StackTick
                0x10042a80       0x88 ../../../../../../Library/Bluetooth_LE/library\libbluenrg1_stack.a(bluenrg_main_func.o)
                0x10042a80                BTLE_StackTick
 i.BlueNRG_Stack_Initialization
                0x10042b08       0x44 ../../../../../../Library/Bluetooth_LE/library\libbluenrg1_stack.a(bluenrg_main_func.o)
                0x10042b08                BlueNRG_Stack_Initialization
 i.BlueNRG_Stack_Initialize_ConfigData
                0x10042b4c       0x64 ../../../../../../Library/Bluetooth_LE/library\libbluenrg1_stack.a(bluenrg_main_func.o)
 i.BlueNRG_Stack_Initialize_Layers
                0x10042bb0       0x84 ../../../../../../Library/Bluetooth_LE/library\libbluenrg1_stack.a(bluenrg_main_func.o)
 i.BlueNRG_Stack_Initialize_RAM_check
                0x10042c34       0x80 ../../../../../../Library/Bluetooth_LE/library\libbluenrg1_stack.a(bluenrg_main_func.o)
 i.BlueNRG_Stack_Perform_Crystal_Check
                0x10042cb4       0xc4 ../../../../../../Library/Bluetooth_LE/library\libbluenrg1_stack.a(bluenrg_main_func.o)
 i.BlueNRG_Start_Crystal_Measurement
                0x10042d78       0x1c ../../../../../../Library/Bluetooth_LE/library\libbluenrg1_stack.a(bluenrg_main_func.o)
 i._BlueNRG_Stack_Initialization
                0x10042d94       0xe8 ../../../../../../Library/Bluetooth_LE/library\libbluenrg1_stack.a(bluenrg_main_func.o)
                0x10042d94                _BlueNRG_Stack_Initialization
 i.GAP_Connection_Complete_Handler
                0x10042e7c       0x68 ../../../../../../Library/Bluetooth_LE/library\libbluenrg1_stack.a(gap.o)
                0x10042e7c                GAP_Connection_Complete_Handler
 i.GAP_DiscProcTimeoutcb_ucfg
                0x10042ee4        0x2 ../../../../../../Library/Bluetooth_LE/library\libbluenrg1_stack.a(gap.o)
                0x10042ee4                GAP_DiscProcTimeoutcb_ucfg
 *fill*         0x10042ee6        0x2 
 i.GAP_Init     0x10042ee8      0x1fc ../../../../../../Library/Bluetooth_LE/library\libbluenrg1_stack.a(gap.o)
                0x10042ee8                GAP_Init
 i.GAP_Init_Context
                0x100430e4       0x14 ../../../../../../Library/Bluetooth_LE/library\libbluenrg1_stack.a(gap.o)
                0x100430e4                GAP_Init_Context
 i.GAP_LL_Event_Handler_ISR
                0x100430f8       0x68 ../../../../../../Library/Bluetooth_LE/library\libbluenrg1_stack.a(gap.o)
                0x100430f8                GAP_LL_Event_Handler_ISR
 i.GAP_LimDiscTimeoutcb_ucfg
                0x10043160        0x2 ../../../../../../Library/Bluetooth_LE/library\libbluenrg1_stack.a(gap.o)
                0x10043160                GAP_LimDiscTimeoutcb_ucfg
 *fill*         0x10043162        0x2 
 i.GAP_Process_Q
                0x10043164       0x40 ../../../../../../Library/Bluetooth_LE/library\libbluenrg1_stack.a(gap.o)
                0x10043164                GAP_Process_Q
 i.GAP_Set_Discoverable_Mode
                0x100431a4       0x38 ../../../../../../Library/Bluetooth_LE/library\libbluenrg1_stack.a(gap.o)
                0x100431a4                GAP_Set_Discoverable_Mode
 i.GAP_check_and_set_role_ucfg
                0x100431dc       0x1c ../../../../../../Library/Bluetooth_LE/library\libbluenrg1_stack.a(gap.o)
                0x100431dc                GAP_check_and_set_role_ucfg
 i.GAP_discover_peer_name_ucfg
                0x100431f8        0x2 ../../../../../../Library/Bluetooth_LE/library\libbluenrg1_stack.a(gap.o)
                0x100431f8                GAP_discover_peer_name_ucfg
 i.GAP_enable_controller_privacy_ucfg
                0x100431fa        0x4 ../../../../../../Library/Bluetooth_LE/library\libbluenrg1_stack.a(gap.o)
                0x100431fa                GAP_enable_controller_privacy_ucfg
 *fill*         0x100431fe        0x2 
 i._GAP_Parse_Advertising_Report
                0x10043200       0x64 ../../../../../../Library/Bluetooth_LE/library\libbluenrg1_stack.a(gap.o)
 i._gap_set_discoverable_connectable
                0x10043264      0x174 ../../../../../../Library/Bluetooth_LE/library\libbluenrg1_stack.a(gap.o)
                0x10043264                _gap_set_discoverable_connectable
 i.aci_gap_limited_discoverable_event_push
                0x100433d8       0x50 ../../../../../../Library/Bluetooth_LE/library\libbluenrg1_stack.a(gap.o)
 i.aci_gap_proc_complete_event_push
                0x10043428       0x74 ../../../../../../Library/Bluetooth_LE/library\libbluenrg1_stack.a(gap.o)
 i.advParamsCheckAndSet
                0x1004349c       0x8c ../../../../../../Library/Bluetooth_LE/library\libbluenrg1_stack.a(gap.o)
                0x1004349c                advParamsCheckAndSet
 i.gapClearAllModeFlags
                0x10043528       0x14 ../../../../../../Library/Bluetooth_LE/library\libbluenrg1_stack.a(gap.o)
                0x10043528                gapClearAllModeFlags
 i.setGapAdvData
                0x1004353c      0x100 ../../../../../../Library/Bluetooth_LE/library\libbluenrg1_stack.a(gap.o)
                0x1004353c                setGapAdvData
 i.Find_Gatt_Client
                0x1004363c       0x3c ../../../../../../Library/Bluetooth_LE/library\libbluenrg1_stack.a(gatt_client.o)
                0x1004363c                Find_Gatt_Client
 i.Build_Notif_Or_Ind
                0x10043678       0x3e ../../../../../../Library/Bluetooth_LE/library\libbluenrg1_stack.a(gatt_server.o)
                0x10043678                Build_Notif_Or_Ind
 *fill*         0x100436b6        0x2 
 i.Check_For_Service_Change
                0x100436b8      0x348 ../../../../../../Library/Bluetooth_LE/library\libbluenrg1_stack.a(gatt_server.o)
                0x100436b8                Check_For_Service_Change
 i.Find_Attr_Index
                0x10043a00       0x50 ../../../../../../Library/Bluetooth_LE/library\libbluenrg1_stack.a(gatt_server.o)
                0x10043a00                Find_Attr_Index
 i.Find_Timed_Out_Connection
                0x10043a50       0x34 ../../../../../../Library/Bluetooth_LE/library\libbluenrg1_stack.a(gatt_server.o)
                0x10043a50                Find_Timed_Out_Connection
 i.GATT_Connection_Complete_Handler
                0x10043a84       0x44 ../../../../../../Library/Bluetooth_LE/library\libbluenrg1_stack.a(gatt_server.o)
                0x10043a84                GATT_Connection_Complete_Handler
 i.GATT_Send_Packet
                0x10043ac8       0x2c ../../../../../../Library/Bluetooth_LE/library\libbluenrg1_stack.a(gatt_server.o)
                0x10043ac8                GATT_Send_Packet
 i.GATT_Server_Set_Flag
                0x10043af4       0x18 ../../../../../../Library/Bluetooth_LE/library\libbluenrg1_stack.a(gatt_server.o)
 i.GATT_TimeOut_Handler
                0x10043b0c       0x1a ../../../../../../Library/Bluetooth_LE/library\libbluenrg1_stack.a(gatt_server.o)
                0x10043b0c                GATT_TimeOut_Handler
 *fill*         0x10043b26        0x2 
 i.Gatt_Add_Charac_Desc
                0x10043b28      0x160 ../../../../../../Library/Bluetooth_LE/library\libbluenrg1_stack.a(gatt_server.o)
                0x10043b28                Gatt_Add_Charac_Desc
 i.Gatt_Add_Characteristic
                0x10043c88      0x338 ../../../../../../Library/Bluetooth_LE/library\libbluenrg1_stack.a(gatt_server.o)
                0x10043c88                Gatt_Add_Characteristic
 i.Gatt_Add_Descriptor
                0x10043fc0      0x154 ../../../../../../Library/Bluetooth_LE/library\libbluenrg1_stack.a(gatt_server.o)
                0x10043fc0                Gatt_Add_Descriptor
 i.Gatt_Add_Service
                0x10044114      0x160 ../../../../../../Library/Bluetooth_LE/library\libbluenrg1_stack.a(gatt_server.o)
                0x10044114                Gatt_Add_Service
 i.Gatt_Find_Srv_From_Handle
                0x10044274       0x2c ../../../../../../Library/Bluetooth_LE/library\libbluenrg1_stack.a(gatt_server.o)
                0x10044274                Gatt_Find_Srv_From_Handle
 i.Gatt_Find_Srv_Owner_Of_Handle
                0x100442a0       0x48 ../../../../../../Library/Bluetooth_LE/library\libbluenrg1_stack.a(gatt_server.o)
                0x100442a0                Gatt_Find_Srv_Owner_Of_Handle
 i.Gatt_Find_Timed_Out_Connection_Index
                0x100442e8       0x38 ../../../../../../Library/Bluetooth_LE/library\libbluenrg1_stack.a(gatt_server.o)
                0x100442e8                Gatt_Find_Timed_Out_Connection_Index
 i.Gatt_Flush_Pending_AclPacket_Lists
                0x10044320       0x34 ../../../../../../Library/Bluetooth_LE/library\libbluenrg1_stack.a(gatt_server.o)
 i.Gatt_Process_Q
                0x10044354      0x19c ../../../../../../Library/Bluetooth_LE/library\libbluenrg1_stack.a(gatt_server.o)
                0x10044354                Gatt_Process_Q
 i.Gatt_Reset_To_Closed_State
                0x100444f0       0xfc ../../../../../../Library/Bluetooth_LE/library\libbluenrg1_stack.a(gatt_server.o)
 i.Gatt_Server_Db_Check
                0x100445ec       0x34 ../../../../../../Library/Bluetooth_LE/library\libbluenrg1_stack.a(gatt_server.o)
                0x100445ec                Gatt_Server_Db_Check
 i.Gatt_Server_Init
                0x10044620      0x190 ../../../../../../Library/Bluetooth_LE/library\libbluenrg1_stack.a(gatt_server.o)
                0x10044620                Gatt_Server_Init
 i.Gatt_Server_L2C_Handler
                0x100447b0      0x200 ../../../../../../Library/Bluetooth_LE/library\libbluenrg1_stack.a(gatt_server.o)
                0x100447b0                Gatt_Server_L2C_Handler
 i.Gatt_Server_L2C_Handler_ISR
                0x100449b0       0x4c ../../../../../../Library/Bluetooth_LE/library\libbluenrg1_stack.a(gatt_server.o)
                0x100449b0                Gatt_Server_L2C_Handler_ISR
 i.Gatt_Store_Server_Database_And_Reset_CCCD
                0x100449fc      0x16c ../../../../../../Library/Bluetooth_LE/library\libbluenrg1_stack.a(gatt_server.o)
 i.Gatt_Update_Charac_Value
                0x10044b68       0x68 ../../../../../../Library/Bluetooth_LE/library\libbluenrg1_stack.a(gatt_server.o)
                0x10044b68                Gatt_Update_Charac_Value
 i.Gatt_Update_Charac_Value_Ext
                0x10044bd0      0x38c ../../../../../../Library/Bluetooth_LE/library\libbluenrg1_stack.a(gatt_server.o)
                0x10044bd0                Gatt_Update_Charac_Value_Ext
 i.Gatt_fetch_handle
                0x10044f5c       0x3c ../../../../../../Library/Bluetooth_LE/library\libbluenrg1_stack.a(gatt_server.o)
                0x10044f5c                Gatt_fetch_handle
 i.Gatt_search_handle
                0x10044f98       0x1e ../../../../../../Library/Bluetooth_LE/library\libbluenrg1_stack.a(gatt_server.o)
                0x10044f98                Gatt_search_handle
 *fill*         0x10044fb6        0x2 
 i.Gatt_search_service_handle
                0x10044fb8       0x2c ../../../../../../Library/Bluetooth_LE/library\libbluenrg1_stack.a(gatt_server.o)
                0x10044fb8                Gatt_search_service_handle
 i.Ind_Service_Change_Charac
                0x10044fe4       0x44 ../../../../../../Library/Bluetooth_LE/library\libbluenrg1_stack.a(gatt_server.o)
                0x10044fe4                Ind_Service_Change_Charac
 i.Pm_Resize_Host_Acl_Pckt
                0x10045028        0xe ../../../../../../Library/Bluetooth_LE/library\libbluenrg1_stack.a(gatt_server.o)
 *fill*         0x10045036        0x2 
 i.Process_Peer_Client_Data
                0x10045038      0x1fc ../../../../../../Library/Bluetooth_LE/library\libbluenrg1_stack.a(gatt_server.o)
                0x10045038                Process_Peer_Client_Data
 i.Process_Peer_Server_Data
                0x10045234      0x194 ../../../../../../Library/Bluetooth_LE/library\libbluenrg1_stack.a(gatt_server.o)
                0x10045234                Process_Peer_Server_Data
 i.Select_Next_Notification_Client
                0x100453c8       0x50 ../../../../../../Library/Bluetooth_LE/library\libbluenrg1_stack.a(gatt_server.o)
                0x100453c8                Select_Next_Notification_Client
 i.Send_Notif_Or_Ind
                0x10045418       0x4c ../../../../../../Library/Bluetooth_LE/library\libbluenrg1_stack.a(gatt_server.o)
                0x10045418                Send_Notif_Or_Ind
 i.aci_gatt_indication_event_push
                0x10045464       0x90 ../../../../../../Library/Bluetooth_LE/library\libbluenrg1_stack.a(gatt_server.o)
 i.aci_gatt_notification_event_push
                0x100454f4       0x90 ../../../../../../Library/Bluetooth_LE/library\libbluenrg1_stack.a(gatt_server.o)
 i.store_data   0x10045584       0x1e ../../../../../../Library/Bluetooth_LE/library\libbluenrg1_stack.a(gatt_server.o)
                0x10045584                store_data
 i.__ARM_common_switch8
                0x100455a2       0x1a ../../../../../../Library/Bluetooth_LE/library\libbluenrg1_stack.a(gatt_server.o)
                0x100455a2                __ARM_common_switch8
 i.HAL_Flash_Store_Data
                0x100455bc       0x54 ../../../../../../Library/Bluetooth_LE/library\libbluenrg1_stack.a(hal.o)
                0x100455bc                HAL_Flash_Store_Data
 i.HAL_Generate_Random_Bytes_To
                0x10045610       0x20 ../../../../../../Library/Bluetooth_LE/library\libbluenrg1_stack.a(hal.o)
                0x10045610                HAL_Generate_Random_Bytes_To
 i.HAL_Set_TX_Power_Level
                0x10045630       0x44 ../../../../../../Library/Bluetooth_LE/library\libbluenrg1_stack.a(hal.o)
                0x10045630                HAL_Set_TX_Power_Level
 i.Hal_Get_Random_Number
                0x10045674       0x3a ../../../../../../Library/Bluetooth_LE/library\libbluenrg1_stack.a(hal.o)
                0x10045674                Hal_Get_Random_Number
 i.Hal_Get_Random_Number32
                0x100456ae       0x12 ../../../../../../Library/Bluetooth_LE/library\libbluenrg1_stack.a(hal.o)
                0x100456ae                Hal_Get_Random_Number32
 i.aci_hal_set_radio_activity_mask
                0x100456c0       0x10 ../../../../../../Library/Bluetooth_LE/library\libbluenrg1_stack.a(hal.o)
                0x100456c0                aci_hal_set_radio_activity_mask
 i.ble_HAL_Init
                0x100456d0       0x1c ../../../../../../Library/Bluetooth_LE/library\libbluenrg1_stack.a(hal.o)
                0x100456d0                ble_HAL_Init
 i.char_copy    0x100456ec       0x12 ../../../../../../Library/Bluetooth_LE/library\libbluenrg1_stack.a(hal.o)
                0x100456ec                char_copy
 *fill*         0x100456fe        0x2 
 i.hal_radio_activity_state_callback_check
                0x10045700       0x34 ../../../../../../Library/Bluetooth_LE/library\libbluenrg1_stack.a(hal.o)
                0x10045700                hal_radio_activity_state_callback_check
 i.hal_radio_activity_state_init
                0x10045734       0x1c ../../../../../../Library/Bluetooth_LE/library\libbluenrg1_stack.a(hal.o)
                0x10045734                hal_radio_activity_state_init
 i.hal_read_radio_activity_state
                0x10045750       0x40 ../../../../../../Library/Bluetooth_LE/library\libbluenrg1_stack.a(hal.o)
                0x10045750                hal_read_radio_activity_state
 i.set_string   0x10045790       0x10 ../../../../../../Library/Bluetooth_LE/library\libbluenrg1_stack.a(hal.o)
                0x10045790                set_string
 i.Controller_Process_Q
                0x100457a0       0x1c ../../../../../../Library/Bluetooth_LE/library\libbluenrg1_stack.a(hci.o)
                0x100457a0                Controller_Process_Q
 i.HCI_Init     0x100457bc       0x74 ../../../../../../Library/Bluetooth_LE/library\libbluenrg1_stack.a(hci.o)
                0x100457bc                HCI_Init
 i.PKA_Offline_Processing_ucfg
                0x10045830        0x2 ../../../../../../Library/Bluetooth_LE/library\libbluenrg1_stack.a(hci.o)
                0x10045830                PKA_Offline_Processing_ucfg
 i.PRIV_controller_privacy_csr_ucfg
                0x10045832        0x4 ../../../../../../Library/Bluetooth_LE/library\libbluenrg1_stack.a(hci.o)
                0x10045832                PRIV_controller_privacy_csr_ucfg
 i.data_length_extension_csr_ucfg
                0x10045836        0x4 ../../../../../../Library/Bluetooth_LE/library\libbluenrg1_stack.a(hci.o)
                0x10045836                data_length_extension_csr_ucfg
 *fill*         0x1004583a        0x2 
 i.hci_acl_Process_Q
                0x1004583c       0x70 ../../../../../../Library/Bluetooth_LE/library\libbluenrg1_stack.a(hci.o)
                0x1004583c                hci_acl_Process_Q
 i.hci_le_long_term_key_request_reply
                0x100458ac        0xe ../../../../../../Library/Bluetooth_LE/library\libbluenrg1_stack.a(hci.o)
                0x100458ac                hci_le_long_term_key_request_reply
 i.hci_le_long_term_key_requested_negative_reply
                0x100458ba        0xe ../../../../../../Library/Bluetooth_LE/library\libbluenrg1_stack.a(hci.o)
                0x100458ba                hci_le_long_term_key_requested_negative_reply
 i.hci_le_set_advertising_data
                0x100458c8       0x16 ../../../../../../Library/Bluetooth_LE/library\libbluenrg1_stack.a(hci.o)
                0x100458c8                hci_le_set_advertising_data
 i.hci_le_set_scan_response_data
                0x100458de       0x16 ../../../../../../Library/Bluetooth_LE/library\libbluenrg1_stack.a(hci.o)
                0x100458de                hci_le_set_scan_response_data
 i.hci_rx_acl_data
                0x100458f4       0x6c ../../../../../../Library/Bluetooth_LE/library\libbluenrg1_stack.a(hci.o)
                0x100458f4                hci_rx_acl_data
 i.hci_tx_acl_data_done
                0x10045960       0x48 ../../../../../../Library/Bluetooth_LE/library\libbluenrg1_stack.a(hci.o)
                0x10045960                hci_tx_acl_data_done
 i.HAL_VTimerAcc_sysT32_ms
                0x100459a8       0x24 ../../../../../../Library/Bluetooth_LE/library\libbluenrg1_stack.a(host_timer.o)
                0x100459a8                HAL_VTimerAcc_sysT32_ms
 i.HAL_VTimerDiff_ms_sysT32
                0x100459cc        0xc ../../../../../../Library/Bluetooth_LE/library\libbluenrg1_stack.a(host_timer.o)
                0x100459cc                HAL_VTimerDiff_ms_sysT32
 i.HAL_VTimerGetCurrentTime_sysT32
                0x100459d8       0x12 ../../../../../../Library/Bluetooth_LE/library\libbluenrg1_stack.a(host_timer.o)
                0x100459d8                HAL_VTimerGetCurrentTime_sysT32
 i.HAL_VTimerTimeoutCallback
                0x100459ea        0x2 ../../../../../../Library/Bluetooth_LE/library\libbluenrg1_stack.a(host_timer.o)
                0x100459ea                HAL_VTimerTimeoutCallback
 i.Set_Host_Timer_value
                0x100459ec       0x50 ../../../../../../Library/Bluetooth_LE/library\libbluenrg1_stack.a(host_timer.o)
                0x100459ec                Set_Host_Timer_value
 i.TimerCallback
                0x10045a3c       0x7c ../../../../../../Library/Bluetooth_LE/library\libbluenrg1_stack.a(host_timer.o)
 i.Timer_ExpiryCallback
                0x10045ab8       0x14 ../../../../../../Library/Bluetooth_LE/library\libbluenrg1_stack.a(host_timer.o)
                0x10045ab8                Timer_ExpiryCallback
 i.Timer_Init   0x10045acc       0x38 ../../../../../../Library/Bluetooth_LE/library\libbluenrg1_stack.a(host_timer.o)
                0x10045acc                Timer_Init
 i.Timer_ProcessQ
                0x10045b04      0x11c ../../../../../../Library/Bluetooth_LE/library\libbluenrg1_stack.a(host_timer.o)
                0x10045b04                Timer_ProcessQ
 i.Timer_StartOneShot
                0x10045c20       0x22 ../../../../../../Library/Bluetooth_LE/library\libbluenrg1_stack.a(host_timer.o)
                0x10045c20                Timer_StartOneShot
 *fill*         0x10045c42        0x2 
 i.Timer_StartOneShot_sysTime32
                0x10045c44       0x78 ../../../../../../Library/Bluetooth_LE/library\libbluenrg1_stack.a(host_timer.o)
                0x10045c44                Timer_StartOneShot_sysTime32
 i.Timer_StopOneShot
                0x10045cbc       0x58 ../../../../../../Library/Bluetooth_LE/library\libbluenrg1_stack.a(host_timer.o)
                0x10045cbc                Timer_StopOneShot
 i.Timer_sysTime32_convMachineTime
                0x10045d14       0x24 ../../../../../../Library/Bluetooth_LE/library\libbluenrg1_stack.a(host_timer.o)
                0x10045d14                Timer_sysTime32_convMachineTime
 i.L2C_Build_Command_Reject_Pdu
                0x10045d38       0x7c ../../../../../../Library/Bluetooth_LE/library\libbluenrg1_stack.a(l2cap.o)
                0x10045d38                L2C_Build_Command_Reject_Pdu
 i.L2C_Connection_Complete_Handler
                0x10045db4       0x24 ../../../../../../Library/Bluetooth_LE/library\libbluenrg1_stack.a(l2cap.o)
                0x10045db4                L2C_Connection_Complete_Handler
 i.L2C_Connection_Complete_Signal_Handler
                0x10045dd8       0x2a ../../../../../../Library/Bluetooth_LE/library\libbluenrg1_stack.a(l2cap.o)
                0x10045dd8                L2C_Connection_Complete_Signal_Handler
 *fill*         0x10045e02        0x2 
 i.L2C_Get_Connection_Info
                0x10045e04       0x34 ../../../../../../Library/Bluetooth_LE/library\libbluenrg1_stack.a(l2cap.o)
 i.L2C_Get_Connection_Info_Index
                0x10045e38       0x30 ../../../../../../Library/Bluetooth_LE/library\libbluenrg1_stack.a(l2cap.o)
 i.L2C_Get_PDU_Len
                0x10045e68        0xe ../../../../../../Library/Bluetooth_LE/library\libbluenrg1_stack.a(l2cap.o)
                0x10045e68                L2C_Get_PDU_Len
 *fill*         0x10045e76        0x2 
 i.L2C_Init     0x10045e78       0x58 ../../../../../../Library/Bluetooth_LE/library\libbluenrg1_stack.a(l2cap.o)
                0x10045e78                L2C_Init
 i.L2C_Mux_Acl_Packet
                0x10045ed0       0x58 ../../../../../../Library/Bluetooth_LE/library\libbluenrg1_stack.a(l2cap.o)
 i.L2C_Rcv_Data
                0x10045f28       0xa6 ../../../../../../Library/Bluetooth_LE/library\libbluenrg1_stack.a(l2cap.o)
 i.L2C_Rcv_Event_Handler
                0x10045fce       0x1e ../../../../../../Library/Bluetooth_LE/library\libbluenrg1_stack.a(l2cap.o)
                0x10045fce                L2C_Rcv_Event_Handler
 i.L2C_Rcv_Event_Handler_ISR
                0x10045fec       0x52 ../../../../../../Library/Bluetooth_LE/library\libbluenrg1_stack.a(l2cap.o)
                0x10045fec                L2C_Rcv_Event_Handler_ISR
 *fill*         0x1004603e        0x2 
 i.L2C_Reset_To_Closed_State
                0x10046040       0x7c ../../../../../../Library/Bluetooth_LE/library\libbluenrg1_stack.a(l2cap.o)
 i.L2C_Send_Data
                0x100460bc       0x4c ../../../../../../Library/Bluetooth_LE/library\libbluenrg1_stack.a(l2cap.o)
                0x100460bc                L2C_Send_Data
 i.L2C_SigChan_Req_TimeOut_Handler
                0x10046108       0x60 ../../../../../../Library/Bluetooth_LE/library\libbluenrg1_stack.a(l2cap.o)
                0x10046108                L2C_SigChan_Req_TimeOut_Handler
 i.L2C_Signal_Channel_Handler
                0x10046168      0x1b4 ../../../../../../Library/Bluetooth_LE/library\libbluenrg1_stack.a(l2cap.o)
                0x10046168                L2C_Signal_Channel_Handler
 i.L2C_Signal_Channel_Handler_ISR
                0x1004631c       0x24 ../../../../../../Library/Bluetooth_LE/library\libbluenrg1_stack.a(l2cap.o)
                0x1004631c                L2C_Signal_Channel_Handler_ISR
 i.L2C_discard_corrupted_acl_packet
                0x10046340       0x5c ../../../../../../Library/Bluetooth_LE/library\libbluenrg1_stack.a(l2cap.o)
 i.aci_l2cap_connection_update_req_event_push
                0x1004639c       0x98 ../../../../../../Library/Bluetooth_LE/library\libbluenrg1_stack.a(l2cap.o)
 i.Data_Length_Update_Control_ISR_ucfg
                0x10046434        0x4 ../../../../../../Library/Bluetooth_LE/library\libbluenrg1_stack.a(ll_isr.o)
                0x10046434                Data_Length_Update_Control_ISR_ucfg
 i.RAL_Isr      0x10046438      0x21c ../../../../../../Library/Bluetooth_LE/library\libbluenrg1_stack.a(ll_isr.o)
                0x10046438                RAL_Isr
 i.copy_4_u32   0x10046654       0x12 ../../../../../../Library/Bluetooth_LE/library\libbluenrg1_stack.a(ll_isr.o)
                0x10046654                copy_4_u32
 *fill*         0x10046666        0x2 
 i.copy_tx_data_packet
                0x10046668       0x84 ../../../../../../Library/Bluetooth_LE/library\libbluenrg1_stack.a(ll_isr.o)
                0x10046668                copy_tx_data_packet
 i.encrypt      0x100466ec       0x74 ../../../../../../Library/Bluetooth_LE/library\libbluenrg1_stack.a(ll_isr.o)
                0x100466ec                encrypt
 i.isr_advertise_state
                0x10046760      0x390 ../../../../../../Library/Bluetooth_LE/library\libbluenrg1_stack.a(ll_isr.o)
 i.isr_connect_slave_state
                0x10046af0      0x7d4 ../../../../../../Library/Bluetooth_LE/library\libbluenrg1_stack.a(ll_isr.o)
 i.isr_test_rx_state
                0x100472c4       0x38 ../../../../../../Library/Bluetooth_LE/library\libbluenrg1_stack.a(ll_isr.o)
 i.isr_test_tx_state
                0x100472fc       0x68 ../../../../../../Library/Bluetooth_LE/library\libbluenrg1_stack.a(ll_isr.o)
 i.isr_unknown_state
                0x10047364       0x2c ../../../../../../Library/Bluetooth_LE/library\libbluenrg1_stack.a(ll_isr.o)
 i.state_func_call_init_csr_ucfg
                0x10047390        0x2 ../../../../../../Library/Bluetooth_LE/library\libbluenrg1_stack.a(ll_isr.o)
                0x10047390                state_func_call_init_csr_ucfg
 i.__ARM_common_memcpy1_6
                0x10047392       0x1a ../../../../../../Library/Bluetooth_LE/library\libbluenrg1_stack.a(ll_isr.o)
                0x10047392                __ARM_common_memcpy1_6
 i.LL_LE_Clear_White_List
                0x100473ac       0x28 ../../../../../../Library/Bluetooth_LE/library\libbluenrg1_stack.a(ll_privacy.o)
                0x100473ac                LL_LE_Clear_White_List
 i.PRIVWHIT_u8SearchAddrInList
                0x100473d4       0x84 ../../../../../../Library/Bluetooth_LE/library\libbluenrg1_stack.a(ll_privacy.o)
                0x100473d4                PRIVWHIT_u8SearchAddrInList
 i.PRIVWHIT_vInit_Struct
                0x10047458       0xb4 ../../../../../../Library/Bluetooth_LE/library\libbluenrg1_stack.a(ll_privacy.o)
                0x10047458                PRIVWHIT_vInit_Struct
 i.PRIV_SearchAddrInWhiteList
                0x1004750c       0x58 ../../../../../../Library/Bluetooth_LE/library\libbluenrg1_stack.a(ll_privacy.o)
                0x1004750c                PRIV_SearchAddrInWhiteList
 i.PRIV_u32ProcessAdvPacket_ucfg
                0x10047564        0x4 ../../../../../../Library/Bluetooth_LE/library\libbluenrg1_stack.a(ll_privacy.o)
                0x10047564                PRIV_u32ProcessAdvPacket_ucfg
 i.PRIV_u8OfflineProcessing_ucfg
                0x10047568        0x4 ../../../../../../Library/Bluetooth_LE/library\libbluenrg1_stack.a(ll_privacy.o)
                0x10047568                PRIV_u8OfflineProcessing_ucfg
 i.PRIV_vGeneratePrivateAddress_ucfg
                0x1004756c        0x2 ../../../../../../Library/Bluetooth_LE/library\libbluenrg1_stack.a(ll_privacy.o)
                0x1004756c                PRIV_vGeneratePrivateAddress_ucfg
 i.PRIV_vGenerate_hci_le_enhanced_connection_complete_event_ucfg
                0x1004756e        0x2 ../../../../../../Library/Bluetooth_LE/library\libbluenrg1_stack.a(ll_privacy.o)
                0x1004756e                PRIV_vGenerate_hci_le_enhanced_connection_complete_event_ucfg
 i.Data_Len_Update_Offline_Processing_ucfg
                0x10047570        0x2 ../../../../../../Library/Bluetooth_LE/library\libbluenrg1_stack.a(ll_routines.o)
                0x10047570                Data_Len_Update_Offline_Processing_ucfg
 *fill*         0x10047572        0x2 
 i.Disconnection_Offline_Processing
                0x10047574       0x48 ../../../../../../Library/Bluetooth_LE/library\libbluenrg1_stack.a(ll_routines.o)
                0x10047574                Disconnection_Offline_Processing
 i.LL_Data_Length_Change_Event_ucfg
                0x100475bc        0x4 ../../../../../../Library/Bluetooth_LE/library\libbluenrg1_stack.a(ll_routines.o)
                0x100475bc                LL_Data_Length_Change_Event_ucfg
 i.LL_Send_Disconnection_Req
                0x100475c0       0xa4 ../../../../../../Library/Bluetooth_LE/library\libbluenrg1_stack.a(ll_routines.o)
                0x100475c0                LL_Send_Disconnection_Req
 i.LL_Send_Length_Resp_ucfg
                0x10047664        0x4 ../../../../../../Library/Bluetooth_LE/library\libbluenrg1_stack.a(ll_routines.o)
                0x10047664                LL_Send_Length_Resp_ucfg
 i.read_rssi    0x10047668       0x7c ../../../../../../Library/Bluetooth_LE/library\libbluenrg1_stack.a(ll_routines.o)
                0x10047668                read_rssi
 i.Reclassify_All_Channels_ucfg
                0x100476e4        0x2 ../../../../../../Library/Bluetooth_LE/library\libbluenrg1_stack.a(ll_routines_master.o)
                0x100476e4                Reclassify_All_Channels_ucfg
 *fill*         0x100476e6        0x2 
 i.hci_encryption_change_event_push
                0x100476e8       0x5c ../../../../../../Library/Bluetooth_LE/library\libbluenrg1_stack.a(ll_routines_master.o)
 i.hci_encryption_key_refresh_complete_event_push
                0x10047744       0x58 ../../../../../../Library/Bluetooth_LE/library\libbluenrg1_stack.a(ll_routines_master.o)
 i.hci_le_connection_complete_event_push
                0x1004779c       0x88 ../../../../../../Library/Bluetooth_LE/library\libbluenrg1_stack.a(ll_routines_master.o)
 i.hci_le_connection_update_complete_event_push
                0x10047824       0x6c ../../../../../../Library/Bluetooth_LE/library\libbluenrg1_stack.a(ll_routines_master.o)
 i.isr_event_handler
                0x10047890      0x600 ../../../../../../Library/Bluetooth_LE/library\libbluenrg1_stack.a(ll_routines_master.o)
                0x10047890                isr_event_handler
 i.isr_event_handler_scan_data_ucfg
                0x10047e90        0x2 ../../../../../../Library/Bluetooth_LE/library\libbluenrg1_stack.a(ll_routines_master.o)
                0x10047e90                isr_event_handler_scan_data_ucfg
 *fill*         0x10047e92        0x2 
 i.LL_Encrypt_Plain_Data_ucfg
                0x10047e94       0xa0 ../../../../../../Library/Bluetooth_LE/library\libbluenrg1_stack.a(ll_routines_support.o)
                0x10047e94                LL_Encrypt_Plain_Data_ucfg
 i.LL_Set_LTK   0x10047f34       0x9c ../../../../../../Library/Bluetooth_LE/library\libbluenrg1_stack.a(ll_routines_support.o)
                0x10047f34                LL_Set_LTK
 i.Dynamic_allocator
                0x10047fd0      0x260 ../../../../../../Library/Bluetooth_LE/library\libbluenrg1_stack.a(mem_alloc.o)
                0x10047fd0                Dynamic_allocator
 i.Dynamic_allocator_noRet
                0x10048230        0x2 ../../../../../../Library/Bluetooth_LE/library\libbluenrg1_stack.a(mem_alloc.o)
                0x10048230                Dynamic_allocator_noRet
 i.Mem_assign   0x10048232       0x16 ../../../../../../Library/Bluetooth_LE/library\libbluenrg1_stack.a(mem_alloc.o)
 i.mem_alloc_ctx_init
                0x10048248       0xa4 ../../../../../../Library/Bluetooth_LE/library\libbluenrg1_stack.a(mem_alloc.o)
                0x10048248                mem_alloc_ctx_init
 i.Mem_Buff_Append
                0x100482ec       0x12 ../../../../../../Library/Bluetooth_LE/library\libbluenrg1_stack.a(mem_buff.o)
                0x100482ec                Mem_Buff_Append
 i.Mem_Buff_Block_Copy
                0x100482fe       0x48 ../../../../../../Library/Bluetooth_LE/library\libbluenrg1_stack.a(mem_buff.o)
                0x100482fe                Mem_Buff_Block_Copy
 i.Mem_Buff_Block_Write
                0x10048346       0x56 ../../../../../../Library/Bluetooth_LE/library\libbluenrg1_stack.a(mem_buff.o)
                0x10048346                Mem_Buff_Block_Write
 i.Mem_Buff_Clone
                0x1004839c       0x32 ../../../../../../Library/Bluetooth_LE/library\libbluenrg1_stack.a(mem_buff.o)
                0x1004839c                Mem_Buff_Clone
 i.Mem_Buff_Cmp
                0x100483ce       0x78 ../../../../../../Library/Bluetooth_LE/library\libbluenrg1_stack.a(mem_buff.o)
                0x100483ce                Mem_Buff_Cmp
 i.Mem_Buff_Compact
                0x10048446       0xba ../../../../../../Library/Bluetooth_LE/library\libbluenrg1_stack.a(mem_buff.o)
                0x10048446                Mem_Buff_Compact
 i.Mem_Buff_Get
                0x10048500       0x2e ../../../../../../Library/Bluetooth_LE/library\libbluenrg1_stack.a(mem_buff.o)
                0x10048500                Mem_Buff_Get
 i.Mem_Buff_Get_Chain_Count
                0x1004852e       0x14 ../../../../../../Library/Bluetooth_LE/library\libbluenrg1_stack.a(mem_buff.o)
                0x1004852e                Mem_Buff_Get_Chain_Count
 i.Mem_Buff_Get_Chain_Size
                0x10048542       0x14 ../../../../../../Library/Bluetooth_LE/library\libbluenrg1_stack.a(mem_buff.o)
                0x10048542                Mem_Buff_Get_Chain_Size
 i.Mem_Buff_Init
                0x10048556       0x6a ../../../../../../Library/Bluetooth_LE/library\libbluenrg1_stack.a(mem_buff.o)
                0x10048556                Mem_Buff_Init
 i.Mem_Buff_Read
                0x100485c0       0x62 ../../../../../../Library/Bluetooth_LE/library\libbluenrg1_stack.a(mem_buff.o)
                0x100485c0                Mem_Buff_Read
 i.Mem_Buff_Release
                0x10048622       0x36 ../../../../../../Library/Bluetooth_LE/library\libbluenrg1_stack.a(mem_buff.o)
                0x10048622                Mem_Buff_Release
 i.Mem_Buff_Resize
                0x10048658       0x8e ../../../../../../Library/Bluetooth_LE/library\libbluenrg1_stack.a(mem_buff.o)
                0x10048658                Mem_Buff_Resize
 i.Mem_Buff_Write
                0x100486e6       0x68 ../../../../../../Library/Bluetooth_LE/library\libbluenrg1_stack.a(mem_buff.o)
                0x100486e6                Mem_Buff_Write
 *fill*         0x1004874e        0x2 
 i.adapt_slot   0x10048750      0x260 ../../../../../../Library/Bluetooth_LE/library\libbluenrg1_stack.a(multi_master_time.o)
 i.advance_slave_timing_MultiSlave
                0x100489b0      0x2cc ../../../../../../Library/Bluetooth_LE/library\libbluenrg1_stack.a(multi_master_time.o)
                0x100489b0                advance_slave_timing_MultiSlave
 i.cancel_current_master
                0x10048c7c      0x1a8 ../../../../../../Library/Bluetooth_LE/library\libbluenrg1_stack.a(multi_master_time.o)
                0x10048c7c                cancel_current_master
 i.get_advertiser
                0x10048e24       0x48 ../../../../../../Library/Bluetooth_LE/library\libbluenrg1_stack.a(multi_master_time.o)
                0x10048e24                get_advertiser
 i.get_connection_no
                0x10048e6c       0x8c ../../../../../../Library/Bluetooth_LE/library\libbluenrg1_stack.a(multi_master_time.o)
                0x10048e6c                get_connection_no
 i.get_next_free_slot
                0x10048ef8       0x34 ../../../../../../Library/Bluetooth_LE/library\libbluenrg1_stack.a(multi_master_time.o)
                0x10048ef8                get_next_free_slot
 i.get_scan_connection
                0x10048f2c       0x48 ../../../../../../Library/Bluetooth_LE/library\libbluenrg1_stack.a(multi_master_time.o)
                0x10048f2c                get_scan_connection
 i.is_slave     0x10048f74       0x34 ../../../../../../Library/Bluetooth_LE/library\libbluenrg1_stack.a(multi_master_time.o)
                0x10048f74                is_slave
 i.nsar_init    0x10048fa8       0x1c ../../../../../../Library/Bluetooth_LE/library\libbluenrg1_stack.a(multi_master_time.o)
                0x10048fa8                nsar_init
 i.nsar_insertSlotListEntry
                0x10048fc4       0x20 ../../../../../../Library/Bluetooth_LE/library\libbluenrg1_stack.a(multi_master_time.o)
 i.nsar_searchBestFreeSlot
                0x10048fe4       0xc4 ../../../../../../Library/Bluetooth_LE/library\libbluenrg1_stack.a(multi_master_time.o)
 i.nsar_updateBestFreeSlot
                0x100490a8       0x22 ../../../../../../Library/Bluetooth_LE/library\libbluenrg1_stack.a(multi_master_time.o)
 *fill*         0x100490ca        0x2 
 i.nsar_updateSlotListEntry
                0x100490cc       0x6c ../../../../../../Library/Bluetooth_LE/library\libbluenrg1_stack.a(multi_master_time.o)
 i.schedule_advertise_slot
                0x10049138       0xb4 ../../../../../../Library/Bluetooth_LE/library\libbluenrg1_stack.a(multi_master_time.o)
                0x10049138                schedule_advertise_slot
 i.start_timebase
                0x100491ec       0xbc ../../../../../../Library/Bluetooth_LE/library\libbluenrg1_stack.a(multi_master_time.o)
                0x100491ec                start_timebase
 i.swap_u16     0x100492a8        0xa ../../../../../../Library/Bluetooth_LE/library\libbluenrg1_stack.a(multi_master_time.o)
 *fill*         0x100492b2        0x2 
 i.timebase_start_connect
                0x100492b4       0x3c ../../../../../../Library/Bluetooth_LE/library\libbluenrg1_stack.a(multi_master_time.o)
                0x100492b4                timebase_start_connect
 i.Flash_Write_Flagged
                0x100492f0       0x3c ../../../../../../Library/Bluetooth_LE/library\libbluenrg1_stack.a(nvm.o)
                0x100492f0                Flash_Write_Flagged
 i.Is_Flash_Write_On_Going
                0x1004932c       0x10 ../../../../../../Library/Bluetooth_LE/library\libbluenrg1_stack.a(nvm.o)
                0x1004932c                Is_Flash_Write_On_Going
 i.PM_Check_And_Set
                0x1004933c       0x50 ../../../../../../Library/Bluetooth_LE/library\libbluenrg1_stack.a(pm.o)
 i.PM_Clone_Pckt
                0x1004938c       0x22 ../../../../../../Library/Bluetooth_LE/library\libbluenrg1_stack.a(pm.o)
                0x1004938c                PM_Clone_Pckt
 *fill*         0x100493ae        0x2 
 i.PM_Compact   0x100493b0       0x54 ../../../../../../Library/Bluetooth_LE/library\libbluenrg1_stack.a(pm.o)
                0x100493b0                PM_Compact
 i.PM_Copy_Pckt_Data
                0x10049404       0x12 ../../../../../../Library/Bluetooth_LE/library\libbluenrg1_stack.a(pm.o)
                0x10049404                PM_Copy_Pckt_Data
 *fill*         0x10049416        0x2 
 i.PM_Eng_Config
                0x10049418       0x18 ../../../../../../Library/Bluetooth_LE/library\libbluenrg1_stack.a(pm.o)
                0x10049418                PM_Eng_Config
 i.PM_Extract_Pdu_MBuff
                0x10049430        0xc ../../../../../../Library/Bluetooth_LE/library\libbluenrg1_stack.a(pm.o)
                0x10049430                PM_Extract_Pdu_MBuff
 i.PM_Get_Available_Buffer
                0x1004943c       0x3c ../../../../../../Library/Bluetooth_LE/library\libbluenrg1_stack.a(pm.o)
                0x1004943c                PM_Get_Available_Buffer
 i.PM_Get_Mem_Buff_Count
                0x10049478        0xa ../../../../../../Library/Bluetooth_LE/library\libbluenrg1_stack.a(pm.o)
                0x10049478                PM_Get_Mem_Buff_Count
 *fill*         0x10049482        0x2 
 i.PM_Get_Pckt  0x10049484       0x44 ../../../../../../Library/Bluetooth_LE/library\libbluenrg1_stack.a(pm.o)
                0x10049484                PM_Get_Pckt
 i.PM_Init      0x100494c8       0x68 ../../../../../../Library/Bluetooth_LE/library\libbluenrg1_stack.a(pm.o)
                0x100494c8                PM_Init
 i.PM_Pckt_Cmp  0x10049530        0xa ../../../../../../Library/Bluetooth_LE/library\libbluenrg1_stack.a(pm.o)
                0x10049530                PM_Pckt_Cmp
 *fill*         0x1004953a        0x2 
 i.PM_Release_Acl_Pckt
                0x1004953c       0x3c ../../../../../../Library/Bluetooth_LE/library\libbluenrg1_stack.a(pm.o)
                0x1004953c                PM_Release_Acl_Pckt
 i.PM_Resize_Pckt_Pdu_Size
                0x10049578       0x6c ../../../../../../Library/Bluetooth_LE/library\libbluenrg1_stack.a(pm.o)
                0x10049578                PM_Resize_Pckt_Pdu_Size
 i.PM_Write_Pckt_Data
                0x100495e4       0x12 ../../../../../../Library/Bluetooth_LE/library\libbluenrg1_stack.a(pm.o)
                0x100495e4                PM_Write_Pckt_Data
 i.Accu_Handles_Requiring_Auth
                0x100495f6       0x6e ../../../../../../Library/Bluetooth_LE/library\libbluenrg1_stack.a(rom_att.o)
                0x100495f6                Accu_Handles_Requiring_Auth
 i.Accu_UuidTypes_Requiring_Auth
                0x10049664       0xea ../../../../../../Library/Bluetooth_LE/library\libbluenrg1_stack.a(rom_att.o)
                0x10049664                Accu_UuidTypes_Requiring_Auth
 *fill*         0x1004974e        0x2 
 i.GAP_Privacy1v2
                0x10049750      0x1d8 ../../../../../../Library/Bluetooth_LE/library\libbluenrg1_stack.a(rom_gap.o)
                0x10049750                GAP_Privacy1v2
 i.GAP_PrivateAddrTimercb
                0x10049928       0x48 ../../../../../../Library/Bluetooth_LE/library\libbluenrg1_stack.a(rom_gap.o)
                0x10049928                GAP_PrivateAddrTimercb
 i.GapIsPrivacySupported
                0x10049970       0x14 ../../../../../../Library/Bluetooth_LE/library\libbluenrg1_stack.a(rom_gap.o)
                0x10049970                GapIsPrivacySupported
 i.Generate_Non_Resolvable_Private_Address
                0x10049984       0x88 ../../../../../../Library/Bluetooth_LE/library\libbluenrg1_stack.a(rom_gap.o)
                0x10049984                Generate_Non_Resolvable_Private_Address
 i.GAP_Notify_Add_Charac
                0x10049a0c       0x70 ../../../../../../Library/Bluetooth_LE/library\libbluenrg1_stack.a(rom_gap_rom.o)
                0x10049a0c                GAP_Notify_Add_Charac
 i.Get_GAP_Handle
                0x10049a7c       0x10 ../../../../../../Library/Bluetooth_LE/library\libbluenrg1_stack.a(rom_gap_rom.o)
                0x10049a7c                Get_GAP_Handle
 i.Get_StaticRandAddr
                0x10049a8c       0x14 ../../../../../../Library/Bluetooth_LE/library\libbluenrg1_stack.a(rom_gap_rom.o)
                0x10049a8c                Get_StaticRandAddr
 i.Check_Encry_Key_Size
                0x10049aa0       0x18 ../../../../../../Library/Bluetooth_LE/library\libbluenrg1_stack.a(rom_gatt_server.o)
                0x10049aa0                Check_Encry_Key_Size
 i.GATT_Num_Charac_Present
                0x10049ab8       0x3a ../../../../../../Library/Bluetooth_LE/library\libbluenrg1_stack.a(rom_gatt_server.o)
                0x10049ab8                GATT_Num_Charac_Present
 *fill*         0x10049af2        0x2 
 i.Start_Gatt_Timer
                0x10049af4       0x24 ../../../../../../Library/Bluetooth_LE/library\libbluenrg1_stack.a(rom_gatt_server.o)
                0x10049af4                Start_Gatt_Timer
 i.Stop_Gatt_Timer
                0x10049b18       0x1c ../../../../../../Library/Bluetooth_LE/library\libbluenrg1_stack.a(rom_gatt_server.o)
                0x10049b18                Stop_Gatt_Timer
 i.List_Circular_Get_Size
                0x10049b34       0x14 ../../../../../../Library/Bluetooth_LE/library\libbluenrg1_stack.a(rom_list.o)
                0x10049b34                List_Circular_Get_Size
 i.List_Circular_Insert_Tail
                0x10049b48        0xe ../../../../../../Library/Bluetooth_LE/library\libbluenrg1_stack.a(rom_list.o)
                0x10049b48                List_Circular_Insert_Tail
 i.List_Circular_Node_Present
                0x10049b56       0x16 ../../../../../../Library/Bluetooth_LE/library\libbluenrg1_stack.a(rom_list.o)
                0x10049b56                List_Circular_Node_Present
 i.List_Circular_Remove_Head
                0x10049b6c       0x1a ../../../../../../Library/Bluetooth_LE/library\libbluenrg1_stack.a(rom_list.o)
                0x10049b6c                List_Circular_Remove_Head
 i.List_Circular_Remove_Node
                0x10049b86       0x20 ../../../../../../Library/Bluetooth_LE/library\libbluenrg1_stack.a(rom_list.o)
                0x10049b86                List_Circular_Remove_Node
 *fill*         0x10049ba6        0x2 
 i.isr_postproc1
                0x10049ba8      0x110 ../../../../../../Library/Bluetooth_LE/library\libbluenrg1_stack.a(rom_ll_isr_postproc.o)
                0x10049ba8                isr_postproc1
 i.isr_postproc_encrypt_data
                0x10049cb8       0x16 ../../../../../../Library/Bluetooth_LE/library\libbluenrg1_stack.a(rom_ll_isr_postproc.o)
                0x10049cb8                isr_postproc_encrypt_data
 i.wait_for_aes_ready
                0x10049cce       0x24 ../../../../../../Library/Bluetooth_LE/library\libbluenrg1_stack.a(rom_ll_isr_postproc.o)
 *fill*         0x10049cf2        0x2 
 i.LL_update_proc
                0x10049cf4       0x98 ../../../../../../Library/Bluetooth_LE/library\libbluenrg1_stack.a(rom_ll_isr_routines.o)
                0x10049cf4                LL_update_proc
 i.addr_u32_from_u8
                0x10049d8c       0x1e ../../../../../../Library/Bluetooth_LE/library\libbluenrg1_stack.a(rom_ll_isr_routines.o)
 i.cancel_connect_master_ucfg
                0x10049daa        0x4 ../../../../../../Library/Bluetooth_LE/library\libbluenrg1_stack.a(rom_ll_isr_routines.o)
                0x10049daa                cancel_connect_master_ucfg
 *fill*         0x10049dae        0x2 
 i.cancel_master
                0x10049db0       0x80 ../../../../../../Library/Bluetooth_LE/library\libbluenrg1_stack.a(rom_ll_isr_routines.o)
                0x10049db0                cancel_master
 i.get_adv_addr
                0x10049e30       0x14 ../../../../../../Library/Bluetooth_LE/library\libbluenrg1_stack.a(rom_ll_isr_routines.o)
                0x10049e30                get_adv_addr
 i.get_scan_addr
                0x10049e44       0x14 ../../../../../../Library/Bluetooth_LE/library\libbluenrg1_stack.a(rom_ll_isr_routines.o)
                0x10049e44                get_scan_addr
 i.go_to_connect
                0x10049e58      0x298 ../../../../../../Library/Bluetooth_LE/library\libbluenrg1_stack.a(rom_ll_isr_routines.o)
                0x10049e58                go_to_connect
 i.le2ByteToInt16
                0x1004a0f0        0xa ../../../../../../Library/Bluetooth_LE/library\libbluenrg1_stack.a(rom_ll_isr_routines.o)
 i.le4ByteToInt32
                0x1004a0fa       0x16 ../../../../../../Library/Bluetooth_LE/library\libbluenrg1_stack.a(rom_ll_isr_routines.o)
 i.unpack_channel_map
                0x1004a110       0x2e ../../../../../../Library/Bluetooth_LE/library\libbluenrg1_stack.a(rom_ll_isr_routines.o)
                0x1004a110                unpack_channel_map
 i.unpack_update_request
                0x1004a13e       0x48 ../../../../../../Library/Bluetooth_LE/library\libbluenrg1_stack.a(rom_ll_isr_routines.o)
                0x1004a13e                unpack_update_request
 i.Is_Address_Initialized
                0x1004a186       0x18 ../../../../../../Library/Bluetooth_LE/library\libbluenrg1_stack.a(rom_ll_ll_routines.o)
                0x1004a186                Is_Address_Initialized
 i.LL_Allow_Address_Setting
                0x1004a19e       0x42 ../../../../../../Library/Bluetooth_LE/library\libbluenrg1_stack.a(rom_ll_ll_routines.o)
                0x1004a19e                LL_Allow_Address_Setting
 i.LL_Check_And_Set_Addresses
                0x1004a1e0      0x1f0 ../../../../../../Library/Bluetooth_LE/library\libbluenrg1_stack.a(rom_ll_ll_routines.o)
                0x1004a1e0                LL_Check_And_Set_Addresses
 i.LL_Enable_Disable_Adv
                0x1004a3d0      0x25c ../../../../../../Library/Bluetooth_LE/library\libbluenrg1_stack.a(rom_ll_ll_routines.o)
                0x1004a3d0                LL_Enable_Disable_Adv
 i.LL_Get_Address
                0x1004a62c       0x30 ../../../../../../Library/Bluetooth_LE/library\libbluenrg1_stack.a(rom_ll_ll_routines.o)
                0x1004a62c                LL_Get_Address
 i.LL_Get_AdvAddress
                0x1004a65c       0x40 ../../../../../../Library/Bluetooth_LE/library\libbluenrg1_stack.a(rom_ll_ll_routines.o)
                0x1004a65c                LL_Get_AdvAddress
 i.LL_Get_ScanAddress
                0x1004a69c       0x40 ../../../../../../Library/Bluetooth_LE/library\libbluenrg1_stack.a(rom_ll_ll_routines.o)
                0x1004a69c                LL_Get_ScanAddress
 i.LL_Init      0x1004a6dc      0x184 ../../../../../../Library/Bluetooth_LE/library\libbluenrg1_stack.a(rom_ll_ll_routines.o)
                0x1004a6dc                LL_Init
 i.LL_Send_ACL_Data
                0x1004a860       0x50 ../../../../../../Library/Bluetooth_LE/library\libbluenrg1_stack.a(rom_ll_ll_routines.o)
                0x1004a860                LL_Send_ACL_Data
 i.LL_Set_Adv_Data
                0x1004a8b0       0x78 ../../../../../../Library/Bluetooth_LE/library\libbluenrg1_stack.a(rom_ll_ll_routines.o)
                0x1004a8b0                LL_Set_Adv_Data
 i.LL_Set_Adv_PDU_Format
                0x1004a928       0xd0 ../../../../../../Library/Bluetooth_LE/library\libbluenrg1_stack.a(rom_ll_ll_routines.o)
                0x1004a928                LL_Set_Adv_PDU_Format
 i.LL_Set_Adv_Params
                0x1004a9f8      0x14c ../../../../../../Library/Bluetooth_LE/library\libbluenrg1_stack.a(rom_ll_ll_routines.o)
                0x1004a9f8                LL_Set_Adv_Params
 i.LL_Set_Advertising_Buffers
                0x1004ab44       0x88 ../../../../../../Library/Bluetooth_LE/library\libbluenrg1_stack.a(rom_ll_ll_routines.o)
                0x1004ab44                LL_Set_Advertising_Buffers
 i.LL_Set_DirectAddress
                0x1004abcc       0x38 ../../../../../../Library/Bluetooth_LE/library\libbluenrg1_stack.a(rom_ll_ll_routines.o)
 i.LL_Set_OwnAddress
                0x1004ac04       0x24 ../../../../../../Library/Bluetooth_LE/library\libbluenrg1_stack.a(rom_ll_ll_routines.o)
                0x1004ac04                LL_Set_OwnAddress
 i.LL_Set_Scan_Resp_Data
                0x1004ac28       0x5c ../../../../../../Library/Bluetooth_LE/library\libbluenrg1_stack.a(rom_ll_ll_routines.o)
                0x1004ac28                LL_Set_Scan_Resp_Data
 i.LL_Update_Advertising_Buffers
                0x1004ac84       0x4c ../../../../../../Library/Bluetooth_LE/library\libbluenrg1_stack.a(rom_ll_ll_routines.o)
                0x1004ac84                LL_Update_Advertising_Buffers
 i.LL_Update_Scanning_Initiating_Buffers
                0x1004acd0       0x48 ../../../../../../Library/Bluetooth_LE/library\libbluenrg1_stack.a(rom_ll_ll_routines.o)
                0x1004acd0                LL_Update_Scanning_Initiating_Buffers
 i.addr_u32_from_u8
                0x1004ad18       0x20 ../../../../../../Library/Bluetooth_LE/library\libbluenrg1_stack.a(rom_ll_ll_routines.o)
 i.int32ToLe4Byte
                0x1004ad38       0x10 ../../../../../../Library/Bluetooth_LE/library\libbluenrg1_stack.a(rom_ll_ll_routines.o)
 i.le4ByteToInt32
                0x1004ad48       0x16 ../../../../../../Library/Bluetooth_LE/library\libbluenrg1_stack.a(rom_ll_ll_routines.o)
 *fill*         0x1004ad5e        0x2 
 i.Blue_Set_Radio_Config_Data
                0x1004ad60       0x24 ../../../../../../Library/Bluetooth_LE/library\libbluenrg1_stack.a(rom_ll_routines_support.o)
                0x1004ad60                Blue_Set_Radio_Config_Data
 i.LL_Get_Adv_Tx_Power_Level
                0x1004ad84       0x18 ../../../../../../Library/Bluetooth_LE/library\libbluenrg1_stack.a(rom_ll_routines_support.o)
                0x1004ad84                LL_Get_Adv_Tx_Power_Level
 i.convert_power
                0x1004ad9c       0x24 ../../../../../../Library/Bluetooth_LE/library\libbluenrg1_stack.a(rom_ll_routines_support.o)
 i.modulo_37    0x1004adc0       0x1c ../../../../../../Library/Bluetooth_LE/library\libbluenrg1_stack.a(rom_ll_routines_support.o)
                0x1004adc0                modulo_37
 i.WindowWiden1
                0x1004addc        0xa ../../../../../../Library/Bluetooth_LE/library\libbluenrg1_stack.a(rom_ll_timehandling.o)
                0x1004addc                WindowWiden1
 i.WindowWiden2
                0x1004ade6       0x10 ../../../../../../Library/Bluetooth_LE/library\libbluenrg1_stack.a(rom_ll_timehandling.o)
                0x1004ade6                WindowWiden2
 *fill*         0x1004adf6        0x2 
 i.machine_time_trans
                0x1004adf8       0x20 ../../../../../../Library/Bluetooth_LE/library\libbluenrg1_stack.a(rom_ll_timehandling.o)
                0x1004adf8                machine_time_trans
 i.set_freq     0x1004ae18       0x88 ../../../../../../Library/Bluetooth_LE/library\libbluenrg1_stack.a(rom_ll_timehandling.o)
                0x1004ae18                set_freq
 i.set_sca      0x1004aea0       0x1c ../../../../../../Library/Bluetooth_LE/library\libbluenrg1_stack.a(rom_ll_timehandling.o)
                0x1004aea0                set_sca
 i.system_time_trans
                0x1004aebc       0x10 ../../../../../../Library/Bluetooth_LE/library\libbluenrg1_stack.a(rom_ll_timehandling.o)
                0x1004aebc                system_time_trans
 i.system_time_trans_ext
                0x1004aecc       0x30 ../../../../../../Library/Bluetooth_LE/library\libbluenrg1_stack.a(rom_ll_timehandling.o)
                0x1004aecc                system_time_trans_ext
 i.time_offset1
                0x1004aefc        0xe ../../../../../../Library/Bluetooth_LE/library\libbluenrg1_stack.a(rom_ll_timehandling.o)
                0x1004aefc                time_offset1
 *fill*         0x1004af0a        0x2 
 i.time_offset2
                0x1004af0c       0x10 ../../../../../../Library/Bluetooth_LE/library\libbluenrg1_stack.a(rom_ll_timehandling.o)
                0x1004af0c                time_offset2
 i.Blue_Init_Global
                0x1004af1c       0x9c ../../../../../../Library/Bluetooth_LE/library\libbluenrg1_stack.a(routines_support.o)
                0x1004af1c                Blue_Init_Global
 i.advance_transmit
                0x1004afb8      0x158 ../../../../../../Library/Bluetooth_LE/library\libbluenrg1_stack.a(routines_support.o)
                0x1004afb8                advance_transmit
 i.microseconds_to_machine_time
                0x1004b110        0x8 ../../../../../../Library/Bluetooth_LE/library\libbluenrg1_stack.a(routines_support.o)
                0x1004b110                microseconds_to_machine_time
 i.slave_advance
                0x1004b118      0x1a8 ../../../../../../Library/Bluetooth_LE/library\libbluenrg1_stack.a(routines_support.o)
                0x1004b118                slave_advance
 i.swap_slaves  0x1004b2c0      0x13c ../../../../../../Library/Bluetooth_LE/library\libbluenrg1_stack.a(routines_support.o)
                0x1004b2c0                swap_slaves
 i.swap_u16     0x1004b3fc        0xa ../../../../../../Library/Bluetooth_LE/library\libbluenrg1_stack.a(routines_support.o)
 i.swap_u32     0x1004b406        0xa ../../../../../../Library/Bluetooth_LE/library\libbluenrg1_stack.a(routines_support.o)
 i.swap_u8      0x1004b410        0xa ../../../../../../Library/Bluetooth_LE/library\libbluenrg1_stack.a(routines_support.o)
 i.Erase_Sector
                0x1004b41a        0xe ../../../../../../Library/Bluetooth_LE/library\libbluenrg1_stack.a(sdb.o)
 i.SDB_Add_Record
                0x1004b428      0x184 ../../../../../../Library/Bluetooth_LE/library\libbluenrg1_stack.a(sdb.o)
                0x1004b428                SDB_Add_Record
 i.SDB_Find_Matching_LTK
                0x1004b5ac       0xa0 ../../../../../../Library/Bluetooth_LE/library\libbluenrg1_stack.a(sdb.o)
                0x1004b5ac                SDB_Find_Matching_LTK
 i.SDB_Find_Record
                0x1004b64c       0xc4 ../../../../../../Library/Bluetooth_LE/library\libbluenrg1_stack.a(sdb.o)
                0x1004b64c                SDB_Find_Record
 i.SDB_Get_Number_Of_Valid_Records
                0x1004b710       0x44 ../../../../../../Library/Bluetooth_LE/library\libbluenrg1_stack.a(sdb.o)
                0x1004b710                SDB_Get_Number_Of_Valid_Records
 i.SDB_flash_write_client_data
                0x1004b754       0xbc ../../../../../../Library/Bluetooth_LE/library\libbluenrg1_stack.a(sdb.o)
                0x1004b754                SDB_flash_write_client_data
 i.SDB_get_security_data_record
                0x1004b810       0xe2 ../../../../../../Library/Bluetooth_LE/library\libbluenrg1_stack.a(sdb.o)
                0x1004b810                SDB_get_security_data_record
 i.SDB_read_peer_bonded_data
                0x1004b8f2       0x3c ../../../../../../Library/Bluetooth_LE/library\libbluenrg1_stack.a(sdb.o)
                0x1004b8f2                SDB_read_peer_bonded_data
 *fill*         0x1004b92e        0x2 
 i.Write_Client_Data
                0x1004b930      0x1b0 ../../../../../../Library/Bluetooth_LE/library\libbluenrg1_stack.a(sdb.o)
 i.int32ToLe4Byte
                0x1004bae0       0x10 ../../../../../../Library/Bluetooth_LE/library\libbluenrg1_stack.a(sdb.o)
 i.sdb_delete   0x1004baf0      0x164 ../../../../../../Library/Bluetooth_LE/library\libbluenrg1_stack.a(sdb.o)
 i.sdb_find_client_data
                0x1004bc54       0xc8 ../../../../../../Library/Bluetooth_LE/library\libbluenrg1_stack.a(sdb.o)
 i.sdb_get_gatt_db_start_address
                0x1004bd1c       0x18 ../../../../../../Library/Bluetooth_LE/library\libbluenrg1_stack.a(sdb.o)
 i.sdb_invalidate_record
                0x1004bd34       0x20 ../../../../../../Library/Bluetooth_LE/library\libbluenrg1_stack.a(sdb.o)
 i.sdb_read_record
                0x1004bd54       0x24 ../../../../../../Library/Bluetooth_LE/library\libbluenrg1_stack.a(sdb.o)
 i.sdb_read_record_validity
                0x1004bd78       0x10 ../../../../../../Library/Bluetooth_LE/library\libbluenrg1_stack.a(sdb.o)
 i.sdb_write_record
                0x1004bd88       0x7c ../../../../../../Library/Bluetooth_LE/library\libbluenrg1_stack.a(sdb.o)
 i.SMP_Process_Q
                0x1004be04      0x184 ../../../../../../Library/Bluetooth_LE/library\libbluenrg1_stack.a(securitymgr.o)
                0x1004be04                SMP_Process_Q
 i.int32ToLe4Byte
                0x1004bf88       0x10 ../../../../../../Library/Bluetooth_LE/library\libbluenrg1_stack.a(securitymgr.o)
 i.sm_RepeatedAttacks_Protection
                0x1004bf98      0x110 ../../../../../../Library/Bluetooth_LE/library\libbluenrg1_stack.a(securitymgr.o)
                0x1004bf98                sm_RepeatedAttacks_Protection
 i.smp_Build_AuthReq_Field
                0x1004c0a8       0x18 ../../../../../../Library/Bluetooth_LE/library\libbluenrg1_stack.a(securitymgr.o)
 i.smp_Build_Pairing_ReqResp_Packet
                0x1004c0c0       0x44 ../../../../../../Library/Bluetooth_LE/library\libbluenrg1_stack.a(securitymgr.o)
 i.smp_Check_Incoming_Pairing_Parameters
                0x1004c104       0x3c ../../../../../../Library/Bluetooth_LE/library\libbluenrg1_stack.a(securitymgr.o)
 i.smp_Determine_Key_Association_Method
                0x1004c140       0xb8 ../../../../../../Library/Bluetooth_LE/library\libbluenrg1_stack.a(securitymgr.o)
 i.smp_Execute_Actions_wrt_Current_State
                0x1004c1f8      0x190 ../../../../../../Library/Bluetooth_LE/library\libbluenrg1_stack.a(securitymgr.o)
 i.smp_Execute_Actions_wrt_Current_State_MI_excerpt_ucfg
                0x1004c388        0x2 ../../../../../../Library/Bluetooth_LE/library\libbluenrg1_stack.a(securitymgr.o)
                0x1004c388                smp_Execute_Actions_wrt_Current_State_MI_excerpt_ucfg
 i.smp_Execute_Actions_wrt_Current_State_sc_excerpt_phase2as2_ucfg
                0x1004c38a        0x2 ../../../../../../Library/Bluetooth_LE/library\libbluenrg1_stack.a(securitymgr.o)
                0x1004c38a                smp_Execute_Actions_wrt_Current_State_sc_excerpt_phase2as2_ucfg
 i.smp_Execute_Actions_wrt_Current_State_sc_excerpt_phase_1_to_2_ucfg
                0x1004c38c        0x4 ../../../../../../Library/Bluetooth_LE/library\libbluenrg1_stack.a(securitymgr.o)
                0x1004c38c                smp_Execute_Actions_wrt_Current_State_sc_excerpt_phase_1_to_2_ucfg
 i.smp_Get_Long_Term_Key
                0x1004c390       0x90 ../../../../../../Library/Bluetooth_LE/library\libbluenrg1_stack.a(securitymgr.o)
 i.smp_Get_Pairing_Parameters_From_Peer_Packet
                0x1004c420       0x88 ../../../../../../Library/Bluetooth_LE/library\libbluenrg1_stack.a(securitymgr.o)
 i.smp_Keys_Distribution_Send
                0x1004c4a8      0x11c ../../../../../../Library/Bluetooth_LE/library\libbluenrg1_stack.a(securitymgr.o)
 i.smp_MI_Start_Encryption_ucfg
                0x1004c5c4        0x4 ../../../../../../Library/Bluetooth_LE/library\libbluenrg1_stack.a(securitymgr.o)
                0x1004c5c4                smp_MI_Start_Encryption_ucfg
 i.smp_Process_Rx_Packet_Exception_Cases_sc_excerpt_ucfg
                0x1004c5c8        0x4 ../../../../../../Library/Bluetooth_LE/library\libbluenrg1_stack.a(securitymgr.o)
                0x1004c5c8                smp_Process_Rx_Packet_Exception_Cases_sc_excerpt_ucfg
 i.smp_Process_Rx_Packet_wrt_Current_State
                0x1004c5cc       0xf4 ../../../../../../Library/Bluetooth_LE/library\libbluenrg1_stack.a(securitymgr.o)
 i.smp_Process_Rx_Packet_wrt_Current_State_MI_excerpt_ucfg
                0x1004c6c0        0x4 ../../../../../../Library/Bluetooth_LE/library\libbluenrg1_stack.a(securitymgr.o)
                0x1004c6c0                smp_Process_Rx_Packet_wrt_Current_State_MI_excerpt_ucfg
 i.smp_Process_Rx_Packet_wrt_Current_State_sc_excerpt_ucfg
                0x1004c6c4        0x4 ../../../../../../Library/Bluetooth_LE/library\libbluenrg1_stack.a(securitymgr.o)
                0x1004c6c4                smp_Process_Rx_Packet_wrt_Current_State_sc_excerpt_ucfg
 i.smp_Reset_Timer
                0x1004c6c8       0x20 ../../../../../../Library/Bluetooth_LE/library\libbluenrg1_stack.a(securitymgr.o)
 i.smp_SR_Compute_c1_Confirm_Value
                0x1004c6e8      0x174 ../../../../../../Library/Bluetooth_LE/library\libbluenrg1_stack.a(securitymgr.o)
 i.smp_Set_Key_Association_Method
                0x1004c85c       0x78 ../../../../../../Library/Bluetooth_LE/library\libbluenrg1_stack.a(securitymgr.o)
 i.smp____SR_PairingConfirm_Receive
                0x1004c8d4       0x7c ../../../../../../Library/Bluetooth_LE/library\libbluenrg1_stack.a(securitymgr.o)
 i.smp____SR_PairingRandom_Receive
                0x1004c950      0x130 ../../../../../../Library/Bluetooth_LE/library\libbluenrg1_stack.a(securitymgr.o)
 i.smp____SR_PairingRequest_Receive
                0x1004ca80      0x1c0 ../../../../../../Library/Bluetooth_LE/library\libbluenrg1_stack.a(securitymgr.o)
 i.smp_sc_SR_PairingConfirm_Receive_sc_excerpt_ucfg
                0x1004cc40        0x2 ../../../../../../Library/Bluetooth_LE/library\libbluenrg1_stack.a(securitymgr.o)
                0x1004cc40                smp_sc_SR_PairingConfirm_Receive_sc_excerpt_ucfg
 i.smp_sc_SR_PairingRandom_Receive_sc_excerpt_ucfg
                0x1004cc42        0x2 ../../../../../../Library/Bluetooth_LE/library\libbluenrg1_stack.a(securitymgr.o)
                0x1004cc42                smp_sc_SR_PairingRandom_Receive_sc_excerpt_ucfg
 i.smp_sc_SR_Pairing_Phase_2AS1_Start_sc_excerpt_ucfg
                0x1004cc44        0x2 ../../../../../../Library/Bluetooth_LE/library\libbluenrg1_stack.a(securitymgr.o)
                0x1004cc44                smp_sc_SR_Pairing_Phase_2AS1_Start_sc_excerpt_ucfg
 i.smp_send_packet
                0x1004cc46       0x1e ../../../../../../Library/Bluetooth_LE/library\libbluenrg1_stack.a(securitymgr.o)
                0x1004cc46                smp_send_packet
 i.SMA_Diversify
                0x1004cc64       0x2e ../../../../../../Library/Bluetooth_LE/library\libbluenrg1_stack.a(smp_algo_sap.o)
                0x1004cc64                SMA_Diversify
 *fill*         0x1004cc92        0x2 
 i.SMA_Generate_CSRK
                0x1004cc94       0x28 ../../../../../../Library/Bluetooth_LE/library\libbluenrg1_stack.a(smp_algo_sap.o)
                0x1004cc94                SMA_Generate_CSRK
 i.SMA_Generate_IRK
                0x1004ccbc       0x28 ../../../../../../Library/Bluetooth_LE/library\libbluenrg1_stack.a(smp_algo_sap.o)
                0x1004ccbc                SMA_Generate_IRK
 i.SMA_LP_s1_Generate_STK
                0x1004cce4       0x28 ../../../../../../Library/Bluetooth_LE/library\libbluenrg1_stack.a(smp_algo_sap.o)
                0x1004cce4                SMA_LP_s1_Generate_STK
 i.SMA_generate_EDIV_recovery_DIV
                0x1004cd0c       0x7c ../../../../../../Library/Bluetooth_LE/library\libbluenrg1_stack.a(smp_algo_sap.o)
                0x1004cd0c                SMA_generate_EDIV_recovery_DIV
 i.SM_Generate_Resolvable_Private_Address
                0x1004cd88       0x4e ../../../../../../Library/Bluetooth_LE/library\libbluenrg1_stack.a(smp_algo_sap.o)
                0x1004cd88                SM_Generate_Resolvable_Private_Address
 i.SM_Resolve_Private_Address